Component: ARM Compiler 5.06 update 7 (build 960) Tool: armlink [4d3601]

==============================================================================

Section Cross References

    startup_stm32f103xe.o(STACK) refers (Special) to heapauxi.o(.text) for __use_two_region_memory
    startup_stm32f103xe.o(HEAP) refers (Special) to heapauxi.o(.text) for __use_two_region_memory
    startup_stm32f103xe.o(RESET) refers (Special) to heapauxi.o(.text) for __use_two_region_memory
    startup_stm32f103xe.o(RESET) refers to startup_stm32f103xe.o(STACK) for __initial_sp
    startup_stm32f103xe.o(RESET) refers to startup_stm32f103xe.o(.text) for Reset_Handler
    startup_stm32f103xe.o(RESET) refers to stm32f1xx_it.o(i.NMI_Handler) for NMI_Handler
    startup_stm32f103xe.o(RESET) refers to stm32f1xx_it.o(i.HardFault_Handler) for HardFault_Handler
    startup_stm32f103xe.o(RESET) refers to stm32f1xx_it.o(i.MemManage_Handler) for MemManage_Handler
    startup_stm32f103xe.o(RESET) refers to stm32f1xx_it.o(i.BusFault_Handler) for BusFault_Handler
    startup_stm32f103xe.o(RESET) refers to stm32f1xx_it.o(i.UsageFault_Handler) for UsageFault_Handler
    startup_stm32f103xe.o(RESET) refers to port.o(.emb_text) for SVC_Handler
    startup_stm32f103xe.o(RESET) refers to stm32f1xx_it.o(i.DebugMon_Handler) for DebugMon_Handler
    startup_stm32f103xe.o(RESET) refers to cmsis_os2.o(i.SysTick_Handler) for SysTick_Handler
    startup_stm32f103xe.o(RESET) refers to stm32f1xx_it.o(i.DMA1_Channel4_IRQHandler) for DMA1_Channel4_IRQHandler
    startup_stm32f103xe.o(RESET) refers to stm32f1xx_it.o(i.DMA1_Channel5_IRQHandler) for DMA1_Channel5_IRQHandler
    startup_stm32f103xe.o(RESET) refers to stm32f1xx_it.o(i.DMA1_Channel6_IRQHandler) for DMA1_Channel6_IRQHandler
    startup_stm32f103xe.o(RESET) refers to stm32f1xx_it.o(i.DMA1_Channel7_IRQHandler) for DMA1_Channel7_IRQHandler
    startup_stm32f103xe.o(RESET) refers to stm32f1xx_it.o(i.USB_HP_CAN1_TX_IRQHandler) for USB_HP_CAN1_TX_IRQHandler
    startup_stm32f103xe.o(RESET) refers to stm32f1xx_it.o(i.USB_LP_CAN1_RX0_IRQHandler) for USB_LP_CAN1_RX0_IRQHandler
    startup_stm32f103xe.o(RESET) refers to stm32f1xx_it.o(i.TIM1_UP_IRQHandler) for TIM1_UP_IRQHandler
    startup_stm32f103xe.o(RESET) refers to stm32f1xx_it.o(i.TIM4_IRQHandler) for TIM4_IRQHandler
    startup_stm32f103xe.o(RESET) refers to stm32f1xx_it.o(i.USART1_IRQHandler) for USART1_IRQHandler
    startup_stm32f103xe.o(RESET) refers to stm32f1xx_it.o(i.USART2_IRQHandler) for USART2_IRQHandler
    startup_stm32f103xe.o(.text) refers (Special) to heapauxi.o(.text) for __use_two_region_memory
    startup_stm32f103xe.o(.text) refers to system_stm32f1xx.o(i.SystemInit) for SystemInit
    startup_stm32f103xe.o(.text) refers to __main.o(!!!main) for __main
    startup_stm32f103xe.o(.text) refers to startup_stm32f103xe.o(HEAP) for Heap_Mem
    startup_stm32f103xe.o(.text) refers to startup_stm32f103xe.o(STACK) for Stack_Mem
    main.o(i.HAL_TIM_PeriodElapsedCallback) refers to stm32f1xx_hal.o(i.HAL_IncTick) for HAL_IncTick
    main.o(i.HAL_TIM_PeriodElapsedCallback) refers to stm32f1xx_hal_tim.o(i.HAL_TIM_Base_Stop_IT) for HAL_TIM_Base_Stop_IT
    main.o(i.HAL_TIM_PeriodElapsedCallback) refers to stm32f1xx_hal_tim.o(i.HAL_TIM_Base_Start_IT) for HAL_TIM_Base_Start_IT
    main.o(i.HAL_TIM_PeriodElapsedCallback) refers to tim.o(.bss) for htim3
    main.o(i.HAL_TIM_PeriodElapsedCallback) refers to main.o(.data) for .data
    main.o(i.SystemClock_Config) refers to rt_memclr_w.o(.text) for __aeabi_memclr4
    main.o(i.SystemClock_Config) refers to stm32f1xx_hal_rcc.o(i.HAL_RCC_OscConfig) for HAL_RCC_OscConfig
    main.o(i.SystemClock_Config) refers to main.o(i.Error_Handler) for Error_Handler
    main.o(i.SystemClock_Config) refers to stm32f1xx_hal_rcc.o(i.HAL_RCC_ClockConfig) for HAL_RCC_ClockConfig
    main.o(i.main) refers to stm32f1xx_hal.o(i.HAL_Init) for HAL_Init
    main.o(i.main) refers to main.o(i.SystemClock_Config) for SystemClock_Config
    main.o(i.main) refers to gpio.o(i.MX_GPIO_Init) for MX_GPIO_Init
    main.o(i.main) refers to dma.o(i.MX_DMA_Init) for MX_DMA_Init
    main.o(i.main) refers to spi.o(i.MX_SPI1_Init) for MX_SPI1_Init
    main.o(i.main) refers to usart.o(i.MX_USART2_UART_Init) for MX_USART2_UART_Init
    main.o(i.main) refers to usart.o(i.MX_USART1_UART_Init) for MX_USART1_UART_Init
    main.o(i.main) refers to tim.o(i.MX_TIM3_Init) for MX_TIM3_Init
    main.o(i.main) refers to tim.o(i.MX_TIM4_Init) for MX_TIM4_Init
    main.o(i.main) refers to can.o(i.MX_CAN_Init) for MX_CAN_Init
    main.o(i.main) refers to tim.o(i.MX_TIM8_Init) for MX_TIM8_Init
    main.o(i.main) refers to fmul.o(x$fpl$fmul) for __aeabi_fmul
    main.o(i.main) refers to ffixu.o(x$fpl$ffixu) for __aeabi_f2uiz
    main.o(i.main) refers to can_.o(i.setup_can) for setup_can
    main.o(i.main) refers to stm32f1xx_hal_gpio.o(i.HAL_GPIO_WritePin) for HAL_GPIO_WritePin
    main.o(i.main) refers to relay_.o(i.reset_all_relays) for reset_all_relays
[...]
    vApplicationGetIdleTaskMemory            0x0800a655   Thumb Code    16  cmsis_os2.o(i.vApplicationGetIdleTaskMemory)
    vApplicationGetTimerTaskMemory           0x0800a669   Thumb Code    18  cmsis_os2.o(i.vApplicationGetTimerTaskMemory)
    vListInitialise                          0x0800a681   Thumb Code    22  list.o(i.vListInitialise)
    vListInitialiseItem                      0x0800a697   Thumb Code     6  list.o(i.vListInitialiseItem)
    vListInsert                              0x0800a69d   Thumb Code    48  list.o(i.vListInsert)
    vListInsertEnd                           0x0800a6cd   Thumb Code    24  list.o(i.vListInsertEnd)
    vPortEnterCritical                       0x0800a6e5   Thumb Code    54  port.o(i.vPortEnterCritical)
    vPortExitCritical                        0x0800a725   Thumb Code    38  port.o(i.vPortExitCritical)
    vPortFree                                0x0800a751   Thumb Code    94  heap_4.o(i.vPortFree)
    vPortSetupTimerInterrupt                 0x0800a7b5   Thumb Code    32  port.o(i.vPortSetupTimerInterrupt)
    vPortValidateInterruptPriority           0x0800a7d9   Thumb Code    74  port.o(i.vPortValidateInterruptPriority)
    vQueueAddToRegistry                      0x0800a82d   Thumb Code    32  queue.o(i.vQueueAddToRegistry)
    vQueueWaitForMessageRestricted           0x0800a851   Thumb Code    70  queue.o(i.vQueueWaitForMessageRestricted)
    vTaskDelay                               0x0800a899   Thumb Code    70  tasks.o(i.vTaskDelay)
    vTaskInternalSetTimeOutState             0x0800a8e9   Thumb Code    12  tasks.o(i.vTaskInternalSetTimeOutState)
    vTaskMissedYield                         0x0800a8f9   Thumb Code     8  tasks.o(i.vTaskMissedYield)
    vTaskPlaceOnEventList                    0x0800a905   Thumb Code    46  tasks.o(i.vTaskPlaceOnEventList)
    vTaskPlaceOnEventListRestricted          0x0800a939   Thumb Code    54  tasks.o(i.vTaskPlaceOnEventListRestricted)
    vTaskStartScheduler                      0x0800a975   Thumb Code   126  tasks.o(i.vTaskStartScheduler)
    vTaskSuspendAll                          0x0800aa05   Thumb Code    10  tasks.o(i.vTaskSuspendAll)
    vTaskSwitchContext                       0x0800aa15   Thumb Code    94  tasks.o(i.vTaskSwitchContext)
    xPortStartScheduler                      0x0800aa7d   Thumb Code   154  port.o(i.xPortStartScheduler)
    xPortSysTickHandler                      0x0800ab25   Thumb Code    38  port.o(i.xPortSysTickHandler)
    xQueueGenericCreateStatic                0x0800ab51   Thumb Code   108  queue.o(i.xQueueGenericCreateStatic)
    xQueueGenericReset                       0x0800abbd   Thumb Code   134  queue.o(i.xQueueGenericReset)
    xQueueGenericSend                        0x0800ac49   Thumb Code   352  queue.o(i.xQueueGenericSend)
    xQueueGenericSendFromISR                 0x0800adad   Thumb Code   192  queue.o(i.xQueueGenericSendFromISR)
    xQueueReceive                            0x0800ae6d   Thumb Code   310  queue.o(i.xQueueReceive)
    xTaskCheckForTimeOut                     0x0800afa9   Thumb Code   118  tasks.o(i.xTaskCheckForTimeOut)
    xTaskCreate                              0x0800b025   Thumb Code   100  tasks.o(i.xTaskCreate)
    xTaskCreateStatic                        0x0800b089   Thumb Code    92  tasks.o(i.xTaskCreateStatic)
    xTaskGetSchedulerState                   0x0800b0e5   Thumb Code    24  tasks.o(i.xTaskGetSchedulerState)
    xTaskGetTickCount                        0x0800b101   Thumb Code     6  tasks.o(i.xTaskGetTickCount)
    xTaskIncrementTick                       0x0800b10d   Thumb Code   196  tasks.o(i.xTaskIncrementTick)
    xTaskPriorityDisinherit                  0x0800b1d9   Thumb Code   116  tasks.o(i.xTaskPriorityDisinherit)
    xTaskRemoveFromEventList                 0x0800b255   Thumb Code   106  tasks.o(i.xTaskRemoveFromEventList)
    xTaskResumeAll                           0x0800b2cd   Thumb Code   184  tasks.o(i.xTaskResumeAll)
    xTimerCreateTimerTask                    0x0800b395   Thumb Code    86  timers.o(i.xTimerCreateTimerTask)
    xTimerGenericCommand                     0x0800b3fd   Thumb Code   104  timers.o(i.xTimerGenericCommand)
    _get_lc_numeric                          0x0800b469   Thumb Code    44  lc_numeric_c.o(locale$$code)
    _get_lc_ctype                            0x0800b495   Thumb Code    44  lc_ctype_c.o(locale$$code)
    __aeabi_d2f                              0x0800b4c1   Thumb Code     0  d2f.o(x$fpl$d2f)
    _d2f                                     0x0800b4c1   Thumb Code    98  d2f.o(x$fpl$d2f)
    __aeabi_dadd                             0x0800b525   Thumb Code     0  daddsub_clz.o(x$fpl$dadd)
    _dadd                                    0x0800b525   Thumb Code   332  daddsub_clz.o(x$fpl$dadd)
    __fpl_dcheck_NaN1                        0x0800b675   Thumb Code    10  dcheck1.o(x$fpl$dcheck1)
    __fpl_dcmp_Inf                           0x0800b685   Thumb Code    24  dcmpi.o(x$fpl$dcmpinf)
    __aeabi_ddiv                             0x0800b69d   Thumb Code     0  ddiv.o(x$fpl$ddiv)
    _ddiv                                    0x0800b69d   Thumb Code   552  ddiv.o(x$fpl$ddiv)
    __aeabi_cdcmpeq                          0x0800b94d   Thumb Code     0  deqf.o(x$fpl$deqf)
    _dcmpeq                                  0x0800b94d   Thumb Code   120  deqf.o(x$fpl$deqf)
    __aeabi_d2uiz                            0x0800b9c5   Thumb Code     0  dfixu.o(x$fpl$dfixu)
    _dfixu                                   0x0800b9c5   Thumb Code    90  dfixu.o(x$fpl$dfixu)
    __aeabi_ui2d                             0x0800ba1f   Thumb Code     0  dflt_clz.o(x$fpl$dfltu)
    _dfltu                                   0x0800ba1f   Thumb Code    38  dflt_clz.o(x$fpl$dfltu)
    __aeabi_ul2d                             0x0800ba45   Thumb Code     0  dfltll_clz.o(x$fpl$dfltull)
    _ll_uto_d                                0x0800ba45   Thumb Code   138  dfltll_clz.o(x$fpl$dfltull)
    __aeabi_cdcmple                          0x0800bad1   Thumb Code     0  dleqf.o(x$fpl$dleqf)
    _dcmple                                  0x0800bad1   Thumb Code   120  dleqf.o(x$fpl$dleqf)
    __fpl_dcmple_InfNaN                      0x0800bb33   Thumb Code     0  dleqf.o(x$fpl$dleqf)
    __aeabi_dmul                             0x0800bb49   Thumb Code     0  dmul.o(x$fpl$dmul)
    _dmul                                    0x0800bb49   Thumb Code   332  dmul.o(x$fpl$dmul)
    __fpl_dnaninf                            0x0800bc9d   Thumb Code   156  dnaninf.o(x$fpl$dnaninf)
    __fpl_dretinf                            0x0800bd39   Thumb Code    12  dretinf.o(x$fpl$dretinf)
    __aeabi_cdrcmple                         0x0800bd45   Thumb Code     0  drleqf.o(x$fpl$drleqf)
    _drcmple                                 0x0800bd45   Thumb Code   108  drleqf.o(x$fpl$drleqf)
    __aeabi_dsub                             0x0800bdb1   Thumb Code     0  daddsub_clz.o(x$fpl$dsub)
    _dsub                                    0x0800bdb1   Thumb Code   464  daddsub_clz.o(x$fpl$dsub)
    __aeabi_f2d                              0x0800bf85   Thumb Code     0  f2d.o(x$fpl$f2d)
    _f2d                                     0x0800bf85   Thumb Code    86  f2d.o(x$fpl$f2d)
    __aeabi_fadd                             0x0800bfdd   Thumb Code     0  faddsub_clz.o(x$fpl$fadd)
    _fadd                                    0x0800bfdd   Thumb Code   196  faddsub_clz.o(x$fpl$fadd)
    __fpl_fcmp_Inf                           0x0800c0a1   Thumb Code    24  fcmpi.o(x$fpl$fcmpinf)
    __aeabi_fdiv                             0x0800c0b9   Thumb Code     0  fdiv.o(x$fpl$fdiv)
    _fdiv                                    0x0800c0b9   Thumb Code   384  fdiv.o(x$fpl$fdiv)
    __aeabi_f2uiz                            0x0800c23d   Thumb Code     0  ffixu.o(x$fpl$ffixu)
    _ffixu                                   0x0800c23d   Thumb Code    62  ffixu.o(x$fpl$ffixu)
    __aeabi_i2f                              0x0800c27d   Thumb Code     0  fflt_clz.o(x$fpl$fflt)
    _fflt                                    0x0800c27d   Thumb Code    48  fflt_clz.o(x$fpl$fflt)
    __aeabi_ui2f                             0x0800c2ad   Thumb Code     0  fflt_clz.o(x$fpl$ffltu)
    _ffltu                                   0x0800c2ad   Thumb Code    38  fflt_clz.o(x$fpl$ffltu)
    __aeabi_cfcmple                          0x0800c2d5   Thumb Code     0  fleqf.o(x$fpl$fleqf)
    _fcmple                                  0x0800c2d5   Thumb Code   104  fleqf.o(x$fpl$fleqf)
    __fpl_fcmple_InfNaN                      0x0800c327   Thumb Code     0  fleqf.o(x$fpl$fleqf)
    __aeabi_fmul                             0x0800c33d   Thumb Code     0  fmul.o(x$fpl$fmul)
    _fmul                                    0x0800c33d   Thumb Code   258  fmul.o(x$fpl$fmul)
    __fpl_fnaninf                            0x0800c43f   Thumb Code   140  fnaninf.o(x$fpl$fnaninf)
    __fpl_fretinf                            0x0800c4cb   Thumb Code    10  fretinf.o(x$fpl$fretinf)
    __aeabi_fsub                             0x0800c4d5   Thumb Code     0  faddsub_clz.o(x$fpl$fsub)
    _fsub                                    0x0800c4d5   Thumb Code   234  faddsub_clz.o(x$fpl$fsub)
    __ieee_status                            0x0800c5bf   Thumb Code     6  istatus.o(x$fpl$ieeestatus)
    __fpl_return_NaN                         0x0800c5c5   Thumb Code   100  retnan.o(x$fpl$retnan)
    __ARM_scalbn                             0x0800c629   Thumb Code    92  scalbn.o(x$fpl$scalbn)
    _scanf_real                              0x0800c685   Thumb Code     4  scanf1.o(x$fpl$scanf1)
    _scanf_hex_real                          0x0800c689   Thumb Code     4  scanf2.o(x$fpl$scanf2)
    _scanf_infnan                            0x0800c68d   Thumb Code     4  scanf2.o(x$fpl$scanf2)
    __fpl_cmpreturn                          0x0800c691   Thumb Code    48  trapv.o(x$fpl$trapveneer)
    __I$use$fp                               0x0800c6c0   Number         0  usenofp.o(x$fpl$usenofp)
    defaultTask_attributes                   0x0800c6c0   Data          36  freertos.o(.constdata)
    myTask02_attributes                      0x0800c6e4   Data          36  freertos.o(.constdata)
    myTask03_attributes                      0x0800c708   Data          36  freertos.o(.constdata)
    myTask04_attributes                      0x0800c72c   Data          36  freertos.o(.constdata)
    AHBPrescTable                            0x0800c762   Data          16  system_stm32f1xx.o(.constdata)
    APBPrescTable                            0x0800c772   Data           8  system_stm32f1xx.o(.constdata)
    Region$$Table$$Base                      0x0800c8e4   Number         0  anon$$obj.o(Region$$Table)
    Region$$Table$$Limit                     0x0800c904   Number         0  anon$$obj.o(Region$$Table)
    __aeabi_HUGE_VAL                         0x0800c904   Data           0  fpconst.o(c$$dinf)
    __aeabi_HUGE_VALL                        0x0800c904   Data           0  fpconst.o(c$$dinf)
    __aeabi_INFINITY                         0x0800c904   Data           0  fpconst.o(c$$dinf)
    __dInf                                   0x0800c904   Data           0  fpconst.o(c$$dinf)
    __huge_val                               0x0800c904   Data           0  fpconst.o(c$$dinf)
    __dbl_max                                0x0800c90c   Data           0  fpconst.o(c$$dmax)
    __ctype                                  0x0800c93d   Data           0  lc_ctype_c.o(locale$$data)
    count_main                               0x20000000   Data           2  main.o(.data)
    defaultTaskHandle                        0x20000004   Data           4  freertos.o(.data)
    myTask02Handle                           0x20000008   Data           4  freertos.o(.data)
    myTask03Handle                           0x2000000c   Data           4  freertos.o(.data)
    myTask04Handle                           0x20000010   Data           4  freertos.o(.data)
    Task02                                   0x20000014   Data           4  freertos.o(.data)
    Task03                                   0x20000018   Data           4  freertos.o(.data)
    Task04                                   0x2000001c   Data           4  freertos.o(.data)
    uwTickFreq                               0x20000020   Data           1  stm32f1xx_hal.o(.data)
    uwTickPrio                               0x20000024   Data           4  stm32f1xx_hal.o(.data)
    uwTick                                   0x20000028   Data           4  stm32f1xx_hal.o(.data)
    SystemCoreClock                          0x2000002c   Data           4  system_stm32f1xx.o(.data)
    shift_reg                                0x20000030   Data           1  relay_.o(.data)
    relays_arr                               0x20000034   Data         276  relay_.o(.data)
    str2                                     0x20000148   Data           1  functions.o(.data)
    str6                                     0x20000149   Data           1  functions.o(.data)
    flag_work                                0x2000014a   Data           1  functions.o(.data)
    flag_full_test                           0x2000014b   Data           1  functions.o(.data)
    flag_ind_test_req                        0x2000014c   Data           1  functions.o(.data)
    flag_otrub_can                           0x2000014d   Data           1  functions.o(.data)
    ch_can                                   0x2000014e   Data           1  functions.o(.data)
    counter                                  0x2000014f   Data           1  functions.o(.data)
    connect_to_pc                            0x20000150   Data           1  functions.o(.data)
    check3                                   0x20000152   Data           2  functions.o(.data)
    str0                                     0x20000154   Data           2  functions.o(.data)
    str1                                     0x20000156   Data           2  functions.o(.data)
    str3                                     0x20000158   Data           2  functions.o(.data)
    str4                                     0x2000015a   Data           2  functions.o(.data)
    str5                                     0x2000015c   Data           2  functions.o(.data)
    str7                                     0x2000015e   Data           2  functions.o(.data)
    str8                                     0x20000160   Data           2  functions.o(.data)
    str9                                     0x20000162   Data           2  functions.o(.data)
    temp_str2                                0x20000164   Data           2  functions.o(.data)
    SLAVEID                                  0x20000170   Data           1  uart_.o(.data)
    check1                                   0x20000172   Data           2  uart_.o(.data)
    led_arr                                  0x20000184   Data          32  led_.o(.data)
    pwm_4v_ind                               0x200001a4   Data           2  individual_diagnostic.o(.data)
    pwm_12v_ind                              0x200001a6   Data           2  individual_diagnostic.o(.data)
    pwm_20v_ind                              0x200001a8   Data           2  individual_diagnostic.o(.data)
    pwm_4_5v_ind                             0x200001aa   Data           2  individual_diagnostic.o(.data)
    pwm_7_5v_ind                             0x200001ac   Data           2  individual_diagnostic.o(.data)
    pwm_24v_ind                              0x200001ae   Data           2  individual_diagnostic.o(.data)
    R1_constant_ind                          0x200001b0   Data           2  individual_diagnostic.o(.data)
    R2_constant_ind                          0x200001b2   Data           2  individual_diagnostic.o(.data)
    R3_constant_ind                          0x200001b4   Data           2  individual_diagnostic.o(.data)
    R4_constant_ind                          0x200001b6   Data           2  individual_diagnostic.o(.data)
    R5_constant_ind                          0x200001b8   Data           2  individual_diagnostic.o(.data)
    DataCounter                              0x200001bc   Data           1  modbusrtu_slave.o(.data)
    RxInterruptFlag                          0x200001bd   Data           1  modbusrtu_slave.o(.data)
    uartTimeCounter                          0x200001be   Data           1  modbusrtu_slave.o(.data)
    uartPacketComplatedFlag                  0x200001bf   Data           1  modbusrtu_slave.o(.data)
    check2                                   0x200001c0   Data           2  modbusrtu_slave.o(.data)
    rxCRC                                    0x200001c2   Data           2  modbusrtu_slave.o(.data)
    flag_pc_connect                          0x200001c4   Data           4  modbusrtu_slave.o(.data)
    counter_temp                             0x200001c8   Data           1  temp_.o(.data)
    R1_constant                              0x200001ca   Data           2  temp_.o(.data)
    R2_constant                              0x200001cc   Data           2  temp_.o(.data)
    R3_constant                              0x200001ce   Data           2  temp_.o(.data)
    R4_constant                              0x200001d0   Data           2  temp_.o(.data)
    R5_constant                              0x200001d2   Data           2  temp_.o(.data)
    prothent                                 0x200001d4   Data           4  temp_.o(.data)
    message_mode0                            0x200001d8   Data           8  temp_.o(.data)
    chek_temp                                0x200001e0   Data          11  temp_.o(.data)
    counter_ai                               0x200001ec   Data           1  ai_.o(.data)
    pwm_4v                                   0x200001ee   Data           2  ai_.o(.data)
    pwm_12v                                  0x200001f0   Data           2  ai_.o(.data)
    pwm_20v                                  0x200001f2   Data           2  ai_.o(.data)
    pwm_4v_constant                          0x200001f4   Data           2  ai_.o(.data)
    pwm_12v_constant                         0x200001f6   Data           2  ai_.o(.data)
    pwm_20v_constant                         0x200001f8   Data           2  ai_.o(.data)
    prothent_ai                              0x200001fc   Data           4  ai_.o(.data)
    message_mode0_ai                         0x20000200   Data           8  ai_.o(.data)
    counter_io                               0x20000208   Data           1  io_.o(.data)
    pwm_4_5v                                 0x2000020a   Data           2  io_.o(.data)
    pwm_7_5v                                 0x2000020c   Data           2  io_.o(.data)
    pwm_24v                                  0x2000020e   Data           2  io_.o(.data)
    message_mode0_io                         0x20000210   Data           8  io_.o(.data)
    counter_pwm                              0x20000218   Data           1  pwm_l.o(.data)
    pxCurrentTCB                             0x2000021c   Data           4  tasks.o(.data)
    hcan                                     0x2000029c   Data          40  can.o(.bss)
    hspi1                                    0x200002c4   Data          88  spi.o(.bss)
    htim3                                    0x2000031c   Data          72  tim.o(.bss)
    htim4                                    0x20000364   Data          72  tim.o(.bss)
    htim8                                    0x200003ac   Data          72  tim.o(.bss)
    huart1                                   0x200003f4   Data          72  usart.o(.bss)
    huart2                                   0x2000043c   Data          72  usart.o(.bss)
    hdma_usart1_rx                           0x20000484   Data          68  usart.o(.bss)
    hdma_usart1_tx                           0x200004c8   Data          68  usart.o(.bss)
    hdma_usart2_rx                           0x2000050c   Data          68  usart.o(.bss)
    hdma_usart2_tx                           0x20000550   Data          68  usart.o(.bss)
    htim1                                    0x20000594   Data          72  stm32f1xx_hal_timebase_tim.o(.bss)
    rx_buffer                                0x200005dc   Data          35  uart_.o(.bss)
    real_sbor_buffer                         0x200005ff   Data         255  uart_.o(.bss)
    my_sbor_buffer                           0x200006fe   Data         255  uart_.o(.bss)
    ModbusRx                                 0x200007fe   Data         205  modbusrtu_slave.o(.bss)
    ModbusRegister                           0x200008cc   Data         200  modbusrtu_slave.o(.bss)
    ModbusCoil                               0x20000994   Data          30  modbusrtu_slave.o(.bss)
    tempModbusRx                             0x200009b2   Data         205  modbusrtu_slave.o(.bss)
    ModbusTx                                 0x20000a7f   Data         205  modbusrtu_slave.o(.bss)
    xQueueRegistry                           0x20000b4c   Data          64  queue.o(.bss)
    __libspace_start                         0x20002888   Data          96  libspace.o(.bss)
    __temporary_stack_top$libspace           0x200028e8   Data           0  libspace.o(.bss)



==============================================================================

Memory Map of the image

  Image Entry point : 0x08000131

  Load Region LR_IROM1 (Base: 0x08000000, Size: 0x0000ccdc, Max: 0x00040000, ABSOLUTE, COMPRESSED[0x0000caf4])

    Execution Region ER_IROM1 (Exec base: 0x08000000, Load base: 0x08000000, Size: 0x0000ca40, Max: 0x00040000, ABSOLUTE)

    Exec Addr    Load Addr    Size         Type   Attr      Idx    E Section Name        Object

    0x08000000   0x08000000   0x00000130   Data   RO            3    RESET               startup_stm32f103xe.o
    0x08000130   0x08000130   0x00000008   Code   RO         6580  * !!!main             c_w.l(__main.o)
    0x08000138   0x08000138   0x00000034   Code   RO         7091    !!!scatter          c_w.l(__scatter.o)
    0x0800016c   0x0800016c   0x0000005a   Code   RO         7089    !!dczerorl2         c_w.l(__dczerorl2.o)
    0x080001c6   0x080001c6   0x00000002   PAD
    0x080001c8   0x080001c8   0x0000001c   Code   RO         7093    !!handler_zi        c_w.l(__scatter_zi.o)
    0x080001e4   0x080001e4   0x00000000   Code   RO         6559    .ARM.Collect$$_printf_percent$$00000000  c_w.l(_printf_percent.o)
    0x080001e4   0x080001e4   0x00000006   Code   RO         6558    .ARM.Collect$$_printf_percent$$00000009  c_w.l(_printf_d.o)
    0x080001ea   0x080001ea   0x00000004   Code   RO         6684    .ARM.Collect$$_printf_percent$$00000017  c_w.l(_printf_percent_end.o)
    0x080001ee   0x080001ee   0x00000002   Code   RO         6930    .ARM.Collect$$libinit$$00000000  c_w.l(libinit.o)
    0x080001f0   0x080001f0   0x00000000   Code   RO         6712    .ARM.Collect$$libinit$$00000002  c_w.l(libinit2.o)
    0x080001f0   0x080001f0   0x00000000   Code   RO         6714    .ARM.Collect$$libinit$$00000004  c_w.l(libinit2.o)
    0x080001f0   0x080001f0   0x00000008   Code   RO         6715    .ARM.Collect$$libinit$$00000005  c_w.l(libinit2.o)
    0x080001f8   0x080001f8   0x00000000   Code   RO         6717    .ARM.Collect$$libinit$$0000000A  c_w.l(libinit2.o)
    0x080001f8   0x080001f8   0x00000000   Code   RO         6719    .ARM.Collect$$libinit$$0000000C  c_w.l(libinit2.o)
    0x080001f8   0x080001f8   0x00000000   Code   RO         6721    .ARM.Collect$$libinit$$0000000E  c_w.l(libinit2.o)
    0x080001f8   0x080001f8   0x00000006   Code   RO         6722    .ARM.Collect$$libinit$$0000000F  c_w.l(libinit2.o)
    0x080001fe   0x080001fe   0x00000000   Code   RO         6724    .ARM.Collect$$libinit$$00000011  c_w.l(libinit2.o)
    0x080001fe   0x080001fe   0x0000000c   Code   RO         6725    .ARM.Collect$$libinit$$00000012  c_w.l(libinit2.o)
    0x0800020a   0x0800020a   0x00000000   Code   RO         6726    .ARM.Collect$$libinit$$00000013  c_w.l(libinit2.o)
    0x0800020a   0x0800020a   0x00000000   Code   RO         6728    .ARM.Collect$$libinit$$00000015  c_w.l(libinit2.o)
    0x0800020a   0x0800020a   0x0000000a   Code   RO         6729    .ARM.Collect$$libinit$$00000016  c_w.l(libinit2.o)
    0x08000214   0x08000214   0x00000000   Code   RO         6730    .ARM.Collect$$libinit$$00000017  c_w.l(libinit2.o)
    0x08000214   0x08000214   0x00000000   Code   RO         6732    .ARM.Collect$$libinit$$00000019  c_w.l(libinit2.o)
    0x08000214   0x08000214   0x00000000   Code   RO         6734    .ARM.Collect$$libinit$$0000001B  c_w.l(libinit2.o)
    0x08000214   0x08000214   0x00000000   Code   RO         6736    .ARM.Collect$$libinit$$0000001D  c_w.l(libinit2.o)
    0x08000214   0x08000214   0x00000000   Code   RO         6738    .ARM.Collect$$libinit$$0000001F  c_w.l(libinit2.o)
    0x08000214   0x08000214   0x00000000   Code   RO         6740    .ARM.Collect$$libinit$$00000021  c_w.l(libinit2.o)
    0x08000214   0x08000214   0x00000000   Code   RO         6742    .ARM.Collect$$libinit$$00000023  c_w.l(libinit2.o)
    0x08000214   0x08000214   0x00000000   Code   RO         6744    .ARM.Collect$$libinit$$00000025  c_w.l(libinit2.o)
    0x08000214   0x08000214   0x00000000   Code   RO         6748    .ARM.Collect$$libinit$$0000002C  c_w.l(libinit2.o)
    0x08000214   0x08000214   0x00000000   Code   RO         6750    .ARM.Collect$$libinit$$0000002E  c_w.l(libinit2.o)
    0x08000214   0x08000214   0x00000000   Code   RO         6752    .ARM.Collect$$libinit$$00000030  c_w.l(libinit2.o)
    0x08000214   0x08000214   0x00000000   Code   RO         6754    .ARM.Collect$$libinit$$00000032  c_w.l(libinit2.o)
    0x08000214   0x08000214   0x00000002   Code   RO         6755    .ARM.Collect$$libinit$$00000033  c_w.l(libinit2.o)
    0x08000216   0x08000216   0x00000002   Code   RO         7065    .ARM.Collect$$libshutdown$$00000000  c_w.l(libshutdown.o)
    0x08000218   0x08000218   0x00000000   Code   RO         6932    .ARM.Collect$$libshutdown$$00000002  c_w.l(libshutdown2.o)
    0x08000218   0x08000218   0x00000000   Code   RO         6934    .ARM.Collect$$libshutdown$$00000004  c_w.l(libshutdown2.o)
    0x08000218   0x08000218   0x00000000   Code   RO         6936    .ARM.Collect$$libshutdown$$00000006  c_w.l(libshutdown2.o)
    0x08000218   0x08000218   0x00000000   Code   RO         6939    .ARM.Collect$$libshutdown$$00000009  c_w.l(libshutdown2.o)
    0x08000218   0x08000218   0x00000000   Code   RO         6942    .ARM.Collect$$libshutdown$$0000000C  c_w.l(libshutdown2.o)
    0x08000218   0x08000218   0x00000000   Code   RO         6944    .ARM.Collect$$libshutdown$$0000000E  c_w.l(libshutdown2.o)
    0x08000218   0x08000218   0x00000000   Code   RO         6947    .ARM.Collect$$libshutdown$$00000011  c_w.l(libshutdown2.o)
    0x08000218   0x08000218   0x00000002   Code   RO         6948    .ARM.Collect$$libshutdown$$00000012  c_w.l(libshutdown2.o)
    0x0800021a   0x0800021a   0x00000000   Code   RO         6642    .ARM.Collect$$rtentry$$00000000  c_w.l(__rtentry.o)
    0x0800021a   0x0800021a   0x00000000   Code   RO         6777    .ARM.Collect$$rtentry$$00000002  c_w.l(__rtentry2.o)
    0x0800021a   0x0800021a   0x00000006   Code   RO         6789    .ARM.Collect$$rtentry$$00000004  c_w.l(__rtentry4.o)
    0x08000220   0x08000220   0x00000000   Code   RO         6779    .ARM.Collect$$rtentry$$00000009  c_w.l(__rtentry2.o)
    0x08000220   0x08000220   0x00000004   Code   RO         6780    .ARM.Collect$$rtentry$$0000000A  c_w.l(__rtentry2.o)
    0x08000224   0x08000224   0x00000000   Code   RO         6782    .ARM.Collect$$rtentry$$0000000C  c_w.l(__rtentry2.o)
    0x08000224   0x08000224   0x00000008   Code   RO         6783    .ARM.Collect$$rtentry$$0000000D  c_w.l(__rtentry2.o)
    0x0800022c   0x0800022c   0x00000002   Code   RO         6971    .ARM.Collect$$rtexit$$00000000  c_w.l(rtexit.o)
    0x0800022e   0x0800022e   0x00000000   Code   RO         7017    .ARM.Collect$$rtexit$$00000002  c_w.l(rtexit2.o)
    0x0800022e   0x0800022e   0x00000004   Code   RO         7018    .ARM.Collect$$rtexit$$00000003  c_w.l(rtexit2.o)
    0x08000232   0x08000232   0x00000006   Code   RO         7019    .ARM.Collect$$rtexit$$00000004  c_w.l(rtexit2.o)
    0x08000238   0x08000238   0x00000096   Code   RO         6378    .emb_text           port.o
    0x080002ce   0x080002ce   0x00000002   PAD
    0x080002d0   0x080002d0   0x00000000   Code   RO         6795    .emb_text           c_w.l(maybetermalloc1.o)
    0x080002d0   0x080002d0   0x00000040   Code   RO            4    .text               startup_stm32f103xe.o
    0x08000310   0x08000310   0x0000005e   Code   RO         6461    .text               c_w.l(h1_alloc.o)
    0x0800036e   0x0800036e   0x0000004e   Code   RO         6463    .text               c_w.l(h1_free.o)
    0x080003bc   0x080003bc   0x000000ee   Code   RO         6519    .text               c_w.l(lludivv7m.o)
    0x080004aa   0x080004aa   0x00000002   PAD
    0x080004ac   0x080004ac   0x00000034   Code   RO         6529    .text               c_w.l(noretval__2snprintf.o)
    0x080004e0   0x080004e0   0x00000068   Code   RO         6531    .text               c_w.l(__printf.o)
    0x08000548   0x08000548   0x00000078   Code   RO         6535    .text               c_w.l(_printf_dec.o)
    0x080005c0   0x080005c0   0x0000003c   Code   RO         6560    .text               c_w.l(sscanf.o)
    0x080005fc   0x080005fc   0x0000003c   Code   RO         6562    .text               c_w.l(__0sscanf.o)
    0x08000638   0x08000638   0x0000014c   Code   RO         6564    .text               c_w.l(_scanf_int.o)
    0x08000784   0x08000784   0x0000003e   Code   RO         6566    .text               c_w.l(strlen.o)
    0x080007c2   0x080007c2   0x0000008a   Code   RO         6568    .text               c_w.l(rt_memcpy_v6.o)
    0x0800084c   0x0800084c   0x00000010   Code   RO         6572    .text               c_w.l(aeabi_memset.o)
    0x0800085c   0x0800085c   0x00000044   Code   RO         6574    .text               c_w.l(rt_memclr.o)
    0x080008a0   0x080008a0   0x0000004e   Code   RO         6576    .text               c_w.l(rt_memclr_w.o)
    0x080008ee   0x080008ee   0x00000006   Code   RO         6578    .text               c_w.l(heapauxi.o)
    0x080008f4   0x080008f4   0x00000008   Code   RO         6650    .text               c_w.l(rt_heap_descriptor_intlibspace.o)
    0x080008fc   0x080008fc   0x00000004   Code   RO         6652    .text               c_w.l(hguard.o)
    0x08000900   0x08000900   0x0000008a   Code   RO         6654    .text               c_w.l(init_alloc.o)
    0x0800098a   0x0800098a   0x0000000e   Code   RO         6658    .text               c_w.l(h1_init.o)
    0x08000998   0x08000998   0x000000b2   Code   RO         6672    .text               c_w.l(_printf_intcommon.o)
    0x08000a4a   0x08000a4a   0x00000002   PAD
    0x08000a4c   0x08000a4c   0x00000030   Code   RO         6674    .text               c_w.l(_printf_char_common.o)
    0x08000a7c   0x08000a7c   0x0000000a   Code   RO         6676    .text               c_w.l(_sputc.o)
    0x08000a86   0x08000a86   0x00000010   Code   RO         6678    .text               c_w.l(_snputc.o)
    0x08000a96   0x08000a96   0x0000001c   Code   RO         6685    .text               c_w.l(_chval.o)
    0x08000ab2   0x08000ab2   0x00000156   Code   RO         6687    .text               c_w.l(_scanf_longlong.o)
    0x08000c08   0x08000c08   0x000000e0   Code   RO         6689    .text               c_w.l(_scanf_str.o)
    0x08000ce8   0x08000ce8   0x0000002c   Code   RO         6691    .text               c_w.l(scanf_char.o)
    0x08000d14   0x08000d14   0x00000040   Code   RO         6693    .text               c_w.l(_sgetc.o)
    0x08000d54   0x08000d54   0x00000114   Code   RO         6695    .text               c_w.l(_scanf_mbtowc.o)
    0x08000e68   0x08000e68   0x000000e8   Code   RO         6697    .text               c_w.l(_scanf_wctomb.o)
    0x08000f50   0x08000f50   0x000000d0   Code   RO         6699    .text               c_w.l(_scanf_wstr.o)
    0x08001020   0x08001020   0x00000064   Code   RO         6707    .text               c_w.l(rt_memcpy_w.o)
    0x08001084   0x08001084   0x00000008   Code   RO         6773    .text               c_w.l(libspace.o)
    0x0800108c   0x0800108c   0x00000034   Code   RO         6797    .text               c_w.l(h1_extend.o)
    0x080010c0   0x080010c0   0x00000012   Code   RO         6801    .text               c_w.l(isspace.o)
    0x080010d2   0x080010d2   0x00000002   PAD
    0x080010d4   0x080010d4   0x00000374   Code   RO         6805    .text               c_w.l(_scanf.o)
    0x08001448   0x08001448   0x000004f8   Code   RO         6807    .text               c_w.l(scanf_fp.o)
    0x08001940   0x08001940   0x0000001e   Code   RO         6809    .text               c_w.l(_scanf_wcharmap.o)
    0x0800195e   0x0800195e   0x0000003c   Code   RO         6825    .text               c_w.l(_mbrtowc.o)
    0x0800199a   0x0800199a   0x00000040   Code   RO         6827    .text               c_w.l(_wcrtomb.o)
    0x080019da   0x080019da   0x0000000e   Code   RO         6829    .text               c_w.l(defsig_rtmem_outer.o)
    0x080019e8   0x080019e8   0x00000002   Code   RO         6845    .text               c_w.l(use_no_semi.o)
    0x080019ea   0x080019ea   0x00000000   Code   RO         6847    .text               c_w.l(indicate_semi.o)
    0x080019ea   0x080019ea   0x0000004a   Code   RO         6848    .text               c_w.l(sys_stackheap_outer.o)
    0x08001a34   0x08001a34   0x00000010   Code   RO         6850    .text               c_w.l(rt_ctype_table.o)
    0x08001a44   0x08001a44   0x00000008   Code   RO         6857    .text               c_w.l(rt_locale_intlibspace.o)
    0x08001a4c   0x08001a4c   0x00000008   Code   RO         6862    .text               c_w.l(rt_errno_addr_intlibspace.o)
    0x08001a54   0x08001a54   0x000000e4   Code   RO         6866    .text               c_w.l(bigflt0.o)
    0x08001b38   0x08001b38   0x00000012   Code   RO         6907    .text               c_w.l(exit.o)
    0x08001b4a   0x08001b4a   0x0000000a   Code   RO         6909    .text               c_w.l(defsig_exit.o)
    0x08001b54   0x08001b54   0x00000050   Code   RO         6919    .text               c_w.l(defsig_rtmem_inner.o)
    0x08001ba4   0x08001ba4   0x0000000c   Code   RO         6969    .text               c_w.l(sys_exit.o)
    0x08001bb0   0x08001bb0   0x00000016   Code   RO         6977    .text               c_w.l(_rserrno.o)
    0x08001bc6   0x08001bc6   0x00000002   PAD
    0x08001bc8   0x08001bc8   0x00000320   Code   RO         6981    .text               c_w.l(scanf_hexfp.o)
    0x08001ee8   0x08001ee8   0x00000134   Code   RO         6983    .text               c_w.l(scanf_infnan.o)
    0x0800201c   0x0800201c   0x00000032   Code   RO         6998    .text               c_w.l(defsig_general.o)
    0x0800204e   0x0800204e   0x00000002   PAD
    0x08002050   0x08002050   0x00000080   Code   RO         7006    .text               c_w.l(strcmpv7m.o)
    0x080020d0   0x080020d0   0x0000000e   Code   RO         7014    .text               c_w.l(sys_wrch.o)
    0x080020de   0x080020de   0x00000026   Code   RO         7023    .text               c_w.l(llshl.o)
    0x08002104   0x08002104   0x00000338   Code   RO         6879    CL$$btod_div_common  c_w.l(btod.o)
    0x0800243c   0x0800243c   0x00000084   Code   RO         6877    CL$$btod_e2d        c_w.l(btod.o)
    0x080024c0   0x080024c0   0x000000dc   Code   RO         6876    CL$$btod_e2e        c_w.l(btod.o)
    0x0800259c   0x0800259c   0x0000002a   Code   RO         6873    CL$$btod_ediv       c_w.l(btod.o)
    0x080025c6   0x080025c6   0x0000002a   Code   RO         6875    CL$$btod_edivd      c_w.l(btod.o)
    0x080025f0   0x080025f0   0x0000002a   Code   RO         6872    CL$$btod_emul       c_w.l(btod.o)
    0x0800261a   0x0800261a   0x0000002a   Code   RO         6874    CL$$btod_emuld      c_w.l(btod.o)
    0x08002644   0x08002644   0x00000244   Code   RO         6878    CL$$btod_mult_common  c_w.l(btod.o)
    0x08002888   0x08002888   0x0000014c   Code   RO         4388    i.AI_Test           ai_.o
    0x080029d4   0x080029d4   0x00000002   Code   RO          611    i.BusFault_Handler  stm32f1xx_it.o
    0x080029d6   0x080029d6   0x00000002   PAD
    0x080029d8   0x080029d8   0x0000000c   Code   RO          612    i.DMA1_Channel4_IRQHandler  stm32f1xx_it.o
    0x080029e4   0x080029e4   0x0000000c   Code   RO          613    i.DMA1_Channel5_IRQHandler  stm32f1xx_it.o
    0x080029f0   0x080029f0   0x0000000c   Code   RO          614    i.DMA1_Channel6_IRQHandler  stm32f1xx_it.o
    0x080029fc   0x080029fc   0x0000000c   Code   RO          615    i.DMA1_Channel7_IRQHandler  stm32f1xx_it.o
    0x08002a08   0x08002a08   0x0000002c   Code   RO         2431    i.DMA_SetConfig     stm32f1xx_hal_dma.o
    0x08002a34   0x08002a34   0x00000002   Code   RO          616    i.DebugMon_Handler  stm32f1xx_it.o
    0x08002a36   0x08002a36   0x00000004   Code   RO           13    i.Error_Handler     main.o
    0x08002a3a   0x08002a3a   0x00000002   PAD
    0x08002a3c   0x08002a3c   0x000000d8   Code   RO         4389    i.FiltringADC       ai_.o
    0x08002b14   0x08002b14   0x00000024   Code   RO         4022    i.GOOD_LED_OFF      led_.o
    0x08002b38   0x08002b38   0x00000024   Code   RO         4023    i.GOOD_LED_ON       led_.o
    0x08002b5c   0x08002b5c   0x00000024   Code   RO         1813    i.HAL_CAN_ActivateNotification  stm32f1xx_hal_can.o
    0x08002b80   0x08002b80   0x000000f8   Code   RO         1815    i.HAL_CAN_ConfigFilter  stm32f1xx_hal_can.o
    0x08002c78   0x08002c78   0x00000008   Code   RO          365    i.HAL_CAN_ErrorCallback  can.o
    0x08002c80   0x08002c80   0x00000112   Code   RO         1821    i.HAL_CAN_GetRxMessage  stm32f1xx_hal_can.o
    0x08002d92   0x08002d92   0x000001fc   Code   RO         1825    i.HAL_CAN_IRQHandler  stm32f1xx_hal_can.o
    0x08002f8e   0x08002f8e   0x00000152   Code   RO         1826    i.HAL_CAN_Init      stm32f1xx_hal_can.o
    0x080030e0   0x080030e0   0x000000b0   Code   RO          367    i.HAL_CAN_MspInit   can.o
    0x08003190   0x08003190   0x00000002   Code   RO         1833    i.HAL_CAN_RxFifo0FullCallback  stm32f1xx_hal_can.o
    0x08003192   0x08003192   0x00000002   PAD
    0x08003194   0x08003194   0x0000002c   Code   RO         4337    i.HAL_CAN_RxFifo0MsgPendingCallback  can_.o
    0x080031c0   0x080031c0   0x00000002   Code   RO         1835    i.HAL_CAN_RxFifo1FullCallback  stm32f1xx_hal_can.o
    0x080031c2   0x080031c2   0x00000002   PAD
    0x080031c4   0x080031c4   0x00000050   Code   RO          368    i.HAL_CAN_RxFifo1MsgPendingCallback  can.o
    0x08003214   0x08003214   0x00000002   Code   RO         1837    i.HAL_CAN_SleepCallback  stm32f1xx_hal_can.o
    0x08003216   0x08003216   0x00000058   Code   RO         1838    i.HAL_CAN_Start     stm32f1xx_hal_can.o
    0x0800326e   0x0800326e   0x00000002   Code   RO         1840    i.HAL_CAN_TxMailbox0AbortCallback  stm32f1xx_hal_can.o
    0x08003270   0x08003270   0x00000002   Code   RO         1841    i.HAL_CAN_TxMailbox0CompleteCallback  stm32f1xx_hal_can.o
    0x08003272   0x08003272   0x00000002   Code   RO         1842    i.HAL_CAN_TxMailbox1AbortCallback  stm32f1xx_hal_can.o
    0x08003274   0x08003274   0x00000002   Code   RO         1843    i.HAL_CAN_TxMailbox1CompleteCallback  stm32f1xx_hal_can.o
    0x08003276   0x08003276   0x00000002   Code   RO         1844    i.HAL_CAN_TxMailbox2AbortCallback  stm32f1xx_hal_can.o
    0x08003278   0x08003278   0x00000002   Code   RO         1845    i.HAL_CAN_TxMailbox2CompleteCallback  stm32f1xx_hal_can.o
    0x0800327a   0x0800327a   0x00000002   Code   RO         1847    i.HAL_CAN_WakeUpFromRxMsgCallback  stm32f1xx_hal_can.o
    0x0800327c   0x0800327c   0x00000046   Code   RO         2432    i.HAL_DMA_Abort     stm32f1xx_hal_dma.o
    0x080032c2   0x080032c2   0x00000002   PAD
    0x080032c4   0x080032c4   0x00000150   Code   RO         2433    i.HAL_DMA_Abort_IT  stm32f1xx_hal_dma.o
    0x08003414   0x08003414   0x00000004   Code   RO         2435    i.HAL_DMA_GetError  stm32f1xx_hal_dma.o
    0x08003418   0x08003418   0x000002a0   Code   RO         2437    i.HAL_DMA_IRQHandler  stm32f1xx_hal_dma.o
    0x080036b8   0x080036b8   0x00000080   Code   RO         2438    i.HAL_DMA_Init      stm32f1xx_hal_dma.o
    0x08003738   0x08003738   0x00000074   Code   RO         2442    i.HAL_DMA_Start_IT  stm32f1xx_hal_dma.o
    0x080037ac   0x080037ac   0x00000024   Code   RO         2053    i.HAL_Delay         stm32f1xx_hal.o
    0x080037d0   0x080037d0   0x00000214   Code   RO         2368    i.HAL_GPIO_Init     stm32f1xx_hal_gpio.o
    0x080039e4   0x080039e4   0x0000000e   Code   RO         2370    i.HAL_GPIO_ReadPin  stm32f1xx_hal_gpio.o
    0x080039f2   0x080039f2   0x00000010   Code   RO         2371    i.HAL_GPIO_TogglePin  stm32f1xx_hal_gpio.o
    0x08003a02   0x08003a02   0x0000000e   Code   RO         2372    i.HAL_GPIO_WritePin  stm32f1xx_hal_gpio.o
    0x08003a10   0x08003a10   0x0000000c   Code   RO         2057    i.HAL_GetTick       stm32f1xx_hal.o
    0x08003a1c   0x08003a1c   0x00000010   Code   RO         2063    i.HAL_IncTick       stm32f1xx_hal.o
    0x08003a2c   0x08003a2c   0x00000024   Code   RO         2064    i.HAL_Init          stm32f1xx_hal.o
    0x08003a50   0x08003a50   0x0000008c   Code   RO          753    i.HAL_InitTick      stm32f1xx_hal_timebase_tim.o
    0x08003adc   0x08003adc   0x00000044   Code   RO          729    i.HAL_MspInit       stm32f1xx_hal_msp.o
    0x08003b20   0x08003b20   0x0000001a   Code   RO         2528    i.HAL_NVIC_EnableIRQ  stm32f1xx_hal_cortex.o
    0x08003b3a   0x08003b3a   0x00000002   PAD
    0x08003b3c   0x08003b3c   0x00000040   Code   RO         2534    i.HAL_NVIC_SetPriority  stm32f1xx_hal_cortex.o
    0x08003b7c   0x08003b7c   0x00000024   Code   RO         2535    i.HAL_NVIC_SetPriorityGrouping  stm32f1xx_hal_cortex.o
    0x08003ba0   0x08003ba0   0x00000154   Code   RO         2221    i.HAL_RCC_ClockConfig  stm32f1xx_hal_rcc.o
    0x08003cf4   0x08003cf4   0x0000003c   Code   RO         2225    i.HAL_RCC_GetClockConfig  stm32f1xx_hal_rcc.o
    0x08003d30   0x08003d30   0x0000000c   Code   RO         2226    i.HAL_RCC_GetHCLKFreq  stm32f1xx_hal_rcc.o
    0x08003d3c   0x08003d3c   0x00000020   Code   RO         2228    i.HAL_RCC_GetPCLK1Freq  stm32f1xx_hal_rcc.o
    0x08003d5c   0x08003d5c   0x00000020   Code   RO         2229    i.HAL_RCC_GetPCLK2Freq  stm32f1xx_hal_rcc.o
    0x08003d7c   0x08003d7c   0x00000054   Code   RO         2230    i.HAL_RCC_GetSysClockFreq  stm32f1xx_hal_rcc.o
    0x08003dd0   0x08003dd0   0x00000384   Code   RO         2233    i.HAL_RCC_OscConfig  stm32f1xx_hal_rcc.o
    0x08004154   0x08004154   0x000000b4   Code   RO         3060    i.HAL_SPI_Init      stm32f1xx_hal_spi.o
    0x08004208   0x08004208   0x0000005c   Code   RO          450    i.HAL_SPI_MspInit   spi.o
    0x08004264   0x08004264   0x00000192   Code   RO         3068    i.HAL_SPI_Transmit  stm32f1xx_hal_spi.o
    0x080043f6   0x080043f6   0x00000002   Code   RO         1545    i.HAL_TIMEx_BreakCallback  stm32f1xx_hal_tim_ex.o
    0x080043f8   0x080043f8   0x00000002   Code   RO         1546    i.HAL_TIMEx_CommutCallback  stm32f1xx_hal_tim_ex.o
    0x080043fa   0x080043fa   0x00000054   Code   RO         1548    i.HAL_TIMEx_ConfigBreakDeadTime  stm32f1xx_hal_tim_ex.o
    0x0800444e   0x0800444e   0x00000002   PAD
    0x08004450   0x08004450   0x0000007c   Code   RO         1564    i.HAL_TIMEx_MasterConfigSynchronization  stm32f1xx_hal_tim_ex.o
    0x080044cc   0x080044cc   0x000000bc   Code   RO         1575    i.HAL_TIMEx_PWMN_Start  stm32f1xx_hal_tim_ex.o
    0x08004588   0x08004588   0x0000004a   Code   RO          830    i.HAL_TIM_Base_Init  stm32f1xx_hal_tim.o
    0x080045d2   0x080045d2   0x00000002   PAD
    0x080045d4   0x080045d4   0x00000080   Code   RO          492    i.HAL_TIM_Base_MspInit  tim.o
    0x08004654   0x08004654   0x0000006c   Code   RO          833    i.HAL_TIM_Base_Start  stm32f1xx_hal_tim.o
    0x080046c0   0x080046c0   0x00000078   Code   RO          835    i.HAL_TIM_Base_Start_IT  stm32f1xx_hal_tim.o
    0x08004738   0x08004738   0x00000030   Code   RO          838    i.HAL_TIM_Base_Stop_IT  stm32f1xx_hal_tim.o
    0x08004768   0x08004768   0x000000e8   Code   RO          839    i.HAL_TIM_ConfigClockSource  stm32f1xx_hal_tim.o
    0x08004850   0x08004850   0x00000002   Code   RO          864    i.HAL_TIM_IC_CaptureCallback  stm32f1xx_hal_tim.o
    0x08004852   0x08004852   0x00000138   Code   RO          878    i.HAL_TIM_IRQHandler  stm32f1xx_hal_tim.o
    0x0800498a   0x0800498a   0x00000002   PAD
    0x0800498c   0x0800498c   0x0000004c   Code   RO          493    i.HAL_TIM_MspPostInit  tim.o
    0x080049d8   0x080049d8   0x00000002   Code   RO          881    i.HAL_TIM_OC_DelayElapsedCallback  stm32f1xx_hal_tim.o
    0x080049da   0x080049da   0x000000d8   Code   RO          902    i.HAL_TIM_PWM_ConfigChannel  stm32f1xx_hal_tim.o
    0x08004ab2   0x08004ab2   0x0000004a   Code   RO          905    i.HAL_TIM_PWM_Init  stm32f1xx_hal_tim.o
    0x08004afc   0x08004afc   0x00000028   Code   RO          495    i.HAL_TIM_PWM_MspInit  tim.o
    0x08004b24   0x08004b24   0x00000002   Code   RO          908    i.HAL_TIM_PWM_PulseFinishedCallback  stm32f1xx_hal_tim.o
    0x08004b26   0x08004b26   0x00000002   PAD
    0x08004b28   0x08004b28   0x00000050   Code   RO           14    i.HAL_TIM_PeriodElapsedCallback  main.o
    0x08004b78   0x08004b78   0x00000050   Code   RO          919    i.HAL_TIM_SlaveConfigSynchro  stm32f1xx_hal_tim.o
    0x08004bc8   0x08004bc8   0x00000002   Code   RO          921    i.HAL_TIM_TriggerCallback  stm32f1xx_hal_tim.o
    0x08004bca   0x08004bca   0x00000052   Code   RO         3381    i.HAL_UARTEx_ReceiveToIdle_DMA  stm32f1xx_hal_uart.o
    0x08004c1c   0x08004c1c   0x000000d0   Code   RO         3926    i.HAL_UARTEx_RxEventCallback  uart_.o
    0x08004cec   0x08004cec   0x00000094   Code   RO         3386    i.HAL_UART_AbortReceive  stm32f1xx_hal_uart.o
    0x08004d80   0x08004d80   0x00000080   Code   RO         3927    i.HAL_UART_ErrorCallback  uart_.o
    0x08004e00   0x08004e00   0x00000230   Code   RO         3400    i.HAL_UART_IRQHandler  stm32f1xx_hal_uart.o
    0x08005030   0x08005030   0x00000066   Code   RO         3401    i.HAL_UART_Init     stm32f1xx_hal_uart.o
    0x08005096   0x08005096   0x00000002   PAD
    0x08005098   0x08005098   0x00000194   Code   RO          564    i.HAL_UART_MspInit  usart.o
    0x0800522c   0x0800522c   0x00000002   Code   RO         3407    i.HAL_UART_RxCpltCallback  stm32f1xx_hal_uart.o
    0x0800522e   0x0800522e   0x00000002   Code   RO         3408    i.HAL_UART_RxHalfCpltCallback  stm32f1xx_hal_uart.o
    0x08005230   0x08005230   0x0000007c   Code   RO         3410    i.HAL_UART_Transmit_DMA  stm32f1xx_hal_uart.o
    0x080052ac   0x080052ac   0x00000038   Code   RO         3928    i.HAL_UART_TxCpltCallback  uart_.o
    0x080052e4   0x080052e4   0x00000002   Code   RO         3413    i.HAL_UART_TxHalfCpltCallback  stm32f1xx_hal_uart.o
    0x080052e6   0x080052e6   0x00000002   Code   RO          617    i.HardFault_Handler  stm32f1xx_it.o
    0x080052e8   0x080052e8   0x00000034   Code   RO         4118    i.MODBUS_CRC16      modbusrtu_slave.o
    0x0800531c   0x0800531c   0x0000004c   Code   RO          369    i.MX_CAN_Init       can.o
    0x08005368   0x08005368   0x0000005c   Code   RO          425    i.MX_DMA_Init       dma.o
    0x080053c4   0x080053c4   0x00000054   Code   RO          298    i.MX_FREERTOS_Init  freertos.o
    0x08005418   0x08005418   0x000000f4   Code   RO          270    i.MX_GPIO_Init      gpio.o
    0x0800550c   0x0800550c   0x00000048   Code   RO          451    i.MX_SPI1_Init      spi.o
    0x08005554   0x08005554   0x0000008c   Code   RO          496    i.MX_TIM3_Init      tim.o
    0x080055e0   0x080055e0   0x00000070   Code   RO          497    i.MX_TIM4_Init      tim.o
    0x08005650   0x08005650   0x000000a0   Code   RO          498    i.MX_TIM8_Init      tim.o
    0x080056f0   0x080056f0   0x00000038   Code   RO          565    i.MX_USART1_UART_Init  usart.o
    0x08005728   0x08005728   0x00000038   Code   RO          566    i.MX_USART2_UART_Init  usart.o
    0x08005760   0x08005760   0x00000002   Code   RO          618    i.MemManage_Handler  stm32f1xx_it.o
    0x08005762   0x08005762   0x00000002   PAD
    0x08005764   0x08005764   0x00000044   Code   RO         4281    i.Mode_0            temp_.o
    0x080057a8   0x080057a8   0x00000002   Code   RO          619    i.NMI_Handler       stm32f1xx_it.o
    0x080057aa   0x080057aa   0x00000002   PAD
    0x080057ac   0x080057ac   0x00000040   Code   RO         3830    i.PC_Connect        functions.o
    0x080057ec   0x080057ec   0x00000024   Code   RO         2234    i.RCC_Delay         stm32f1xx_hal_rcc.o
    0x08005810   0x08005810   0x00000044   Code   RO         3098    i.SPI_EndRxTxTransaction  stm32f1xx_hal_spi.o
    0x08005854   0x08005854   0x000000bc   Code   RO         3103    i.SPI_WaitFlagStateUntilTimeout  stm32f1xx_hal_spi.o
    0x08005910   0x08005910   0x00000024   Code   RO         4024    i.STATUS_LED_OFF    led_.o
    0x08005934   0x08005934   0x00000024   Code   RO         4025    i.STATUS_LED_ON     led_.o
    0x08005958   0x08005958   0x00000008   Code   RO          299    i.StartDefaultTask  freertos.o
    0x08005960   0x08005960   0x00000020   Code   RO          300    i.StartTask02       freertos.o
    0x08005980   0x08005980   0x00000034   Code   RO          301    i.StartTask03       freertos.o
    0x080059b4   0x080059b4   0x00000024   Code   RO          302    i.StartTask04       freertos.o
    0x080059d8   0x080059d8   0x0000001a   Code   RO         5798    i.SysTick_Handler   cmsis_os2.o
    0x080059f2   0x080059f2   0x00000060   Code   RO           15    i.SystemClock_Config  main.o
    0x08005a52   0x08005a52   0x00000002   Code   RO         3745    i.SystemInit        system_stm32f1xx.o
    0x08005a54   0x08005a54   0x0000000c   Code   RO          620    i.TIM1_UP_IRQHandler  stm32f1xx_it.o
    0x08005a60   0x08005a60   0x0000000c   Code   RO          621    i.TIM4_IRQHandler   stm32f1xx_it.o
    0x08005a6c   0x08005a6c   0x000000a0   Code   RO          923    i.TIM_Base_SetConfig  stm32f1xx_hal_tim.o
    0x08005b0c   0x08005b0c   0x0000001a   Code   RO         1584    i.TIM_CCxNChannelCmd  stm32f1xx_hal_tim_ex.o
    0x08005b26   0x08005b26   0x00000014   Code   RO          934    i.TIM_ETR_SetConfig  stm32f1xx_hal_tim.o
    0x08005b3a   0x08005b3a   0x00000010   Code   RO          935    i.TIM_ITRx_SetConfig  stm32f1xx_hal_tim.o
    0x08005b4a   0x08005b4a   0x00000002   PAD
    0x08005b4c   0x08005b4c   0x00000068   Code   RO          936    i.TIM_OC1_SetConfig  stm32f1xx_hal_tim.o
    0x08005bb4   0x08005bb4   0x00000074   Code   RO          937    i.TIM_OC2_SetConfig  stm32f1xx_hal_tim.o
    0x08005c28   0x08005c28   0x00000070   Code   RO          938    i.TIM_OC3_SetConfig  stm32f1xx_hal_tim.o
    0x08005c98   0x08005c98   0x00000054   Code   RO          939    i.TIM_OC4_SetConfig  stm32f1xx_hal_tim.o
    0x08005cec   0x08005cec   0x0000008c   Code   RO          940    i.TIM_SlaveTimer_SetConfig  stm32f1xx_hal_tim.o
    0x08005d78   0x08005d78   0x00000022   Code   RO          941    i.TIM_TI1_ConfigInputStage  stm32f1xx_hal_tim.o
    0x08005d9a   0x08005d9a   0x00000024   Code   RO          943    i.TIM_TI2_ConfigInputStage  stm32f1xx_hal_tim.o
    0x08005dbe   0x08005dbe   0x00000002   PAD
    0x08005dc0   0x08005dc0   0x00000020   Code   RO         4026    i.TOGGLE_STATUS_LED  led_.o
    0x08005de0   0x08005de0   0x00000010   Code   RO         3414    i.UART_DMAAbortOnError  stm32f1xx_hal_uart.o
    0x08005df0   0x08005df0   0x0000004a   Code   RO         3415    i.UART_DMAError     stm32f1xx_hal_uart.o
    0x08005e3a   0x08005e3a   0x00000086   Code   RO         3416    i.UART_DMAReceiveCplt  stm32f1xx_hal_uart.o
    0x08005ec0   0x08005ec0   0x0000001e   Code   RO         3418    i.UART_DMARxHalfCplt  stm32f1xx_hal_uart.o
    0x08005ede   0x08005ede   0x00000042   Code   RO         3420    i.UART_DMATransmitCplt  stm32f1xx_hal_uart.o
    0x08005f20   0x08005f20   0x0000000a   Code   RO         3422    i.UART_DMATxHalfCplt  stm32f1xx_hal_uart.o
    0x08005f2a   0x08005f2a   0x0000004e   Code   RO         3424    i.UART_EndRxTransfer  stm32f1xx_hal_uart.o
    0x08005f78   0x08005f78   0x0000001a   Code   RO         3425    i.UART_EndTransmit_IT  stm32f1xx_hal_uart.o
    0x08005f92   0x08005f92   0x0000001c   Code   RO         3426    i.UART_EndTxTransfer  stm32f1xx_hal_uart.o
    0x08005fae   0x08005fae   0x000000c8   Code   RO         3427    i.UART_Receive_IT   stm32f1xx_hal_uart.o
    0x08006076   0x08006076   0x00000002   PAD
    0x08006078   0x08006078   0x000000b8   Code   RO         3428    i.UART_SetConfig    stm32f1xx_hal_uart.o
    0x08006130   0x08006130   0x00000094   Code   RO         3429    i.UART_Start_Receive_DMA  stm32f1xx_hal_uart.o
    0x080061c4   0x080061c4   0x0000005e   Code   RO         3431    i.UART_Transmit_IT  stm32f1xx_hal_uart.o
    0x08006222   0x08006222   0x00000002   PAD
    0x08006224   0x08006224   0x0000000c   Code   RO          622    i.USART1_IRQHandler  stm32f1xx_it.o
    0x08006230   0x08006230   0x0000000c   Code   RO          623    i.USART2_IRQHandler  stm32f1xx_it.o
    0x0800623c   0x0800623c   0x0000000c   Code   RO          624    i.USB_HP_CAN1_TX_IRQHandler  stm32f1xx_it.o
    0x08006248   0x08006248   0x0000000c   Code   RO          625    i.USB_LP_CAN1_RX0_IRQHandler  stm32f1xx_it.o
    0x08006254   0x08006254   0x00000002   Code   RO          626    i.UsageFault_Handler  stm32f1xx_it.o
    0x08006256   0x08006256   0x00000020   Code   RO         2541    i.__NVIC_SetPriority  stm32f1xx_hal_cortex.o
    0x08006276   0x08006276   0x0000000e   Code   RO         7072    i.__mathlib_dbl_overflow  m_ws.l(dunder.o)
    0x08006284   0x08006284   0x00000010   Code   RO         7074    i.__mathlib_dbl_underflow  m_ws.l(dunder.o)
    0x08006294   0x08006294   0x00000010   Code   RO         6963    i.__mathlib_narrow  m_ws.l(narrow.o)
    0x080062a4   0x080062a4   0x000000bc   Code   RO         6964    i.__mathlib_tofloat  m_ws.l(narrow.o)
    0x08006360   0x08006360   0x00000016   Code   RO         7040    i.__support_ldexp   m_ws.l(ldexp.o)
    0x08006376   0x08006376   0x0000000e   Code   RO         6547    i._is_digit         c_w.l(__printf_wp.o)
    0x08006384   0x08006384   0x00000038   Code   RO         3981    i.button_reset      button_.o
    0x080063bc   0x080063bc   0x00000034   Code   RO         3982    i.button_start      button_.o
    0x080063f0   0x080063f0   0x0000015c   Code   RO         3831    i.check_start       functions.o
    0x0800654c   0x0800654c   0x000000d4   Code   RO         3832    i.check_start_req   functions.o
    0x08006620   0x08006620   0x00000070   Code   RO         4282    i.chek_temp_        temp_.o
    0x08006690   0x08006690   0x000000a4   Code   RO         3833    i.end_test          functions.o
    0x08006734   0x08006734   0x00000022   Code   RO         4119    i.findByte          modbusrtu_slave.o
    0x08006756   0x08006756   0x00000002   PAD
    0x08006758   0x08006758   0x00000058   Code   RO         7011    i.frexp             m_ws.l(frexp.o)
    0x080067b0   0x080067b0   0x0000009c   Code   RO         4441    i.high_level        io_.o
    0x0800684c   0x0800684c   0x000000ac   Code   RO         4442    i.high_level_next   io_.o
    0x080068f8   0x080068f8   0x000005fe   Code   RO         4091    i.individual_diagnostic  individual_diagnostic.o
    0x08006ef6   0x08006ef6   0x00000002   PAD
    0x08006ef8   0x08006ef8   0x00000168   Code   RO         4443    i.individual_io_test  io_.o
    0x08007060   0x08007060   0x0000013c   Code   RO         4579    i.individual_test_0_pwm  pwm_l.o
    0x0800719c   0x0800719c   0x0000013c   Code   RO         4580    i.individual_test_1_pwm  pwm_l.o
    0x080072d8   0x080072d8   0x000001c0   Code   RO         4390    i.individual_test_ai  ai_.o
    0x08007498   0x08007498   0x00000074   Code   RO         4338    i.individual_test_can  can_.o
    0x0800750c   0x0800750c   0x00000374   Code   RO         4444    i.individual_test_high_level_IO3_IO0  io_.o
    0x08007880   0x08007880   0x00000388   Code   RO         4445    i.individual_test_high_level_IO4_IO7  io_.o
    0x08007c08   0x08007c08   0x000001e8   Code   RO         4446    i.individual_test_io_next  io_.o
    0x08007df0   0x08007df0   0x00000168   Code   RO         4581    i.individual_test_pwm_generic  pwm_l.o
    0x08007f58   0x08007f58   0x00000060   Code   RO         4238    i.individual_test_rs485  rs485_.o
    0x08007fb8   0x08007fb8   0x000001b4   Code   RO         4283    i.individual_test_temp  temp_.o
    0x0800816c   0x0800816c   0x000000fc   Code   RO         4447    i.io_test           io_.o
    0x08008268   0x08008268   0x00000074   Code   RO         7041    i.ldexp             m_ws.l(ldexp.o)
    0x080082dc   0x080082dc   0x00000080   Code   RO         4448    i.low_level         io_.o
    0x0800835c   0x0800835c   0x00000114   Code   RO           16    i.main              main.o
    0x08008470   0x08008470   0x000000b8   Code   RO         4120    i.makePacket_01     modbusrtu_slave.o
    0x08008528   0x08008528   0x0000007c   Code   RO         4121    i.makePacket_03     modbusrtu_slave.o
    0x080085a4   0x080085a4   0x00000028   Code   RO         4122    i.makePacket_05     modbusrtu_slave.o
    0x080085cc   0x080085cc   0x00000024   Code   RO         4123    i.makePacket_06     modbusrtu_slave.o
    0x080085f0   0x080085f0   0x00000074   Code   RO         4124    i.makePacket_15     modbusrtu_slave.o
    0x08008664   0x08008664   0x00000068   Code   RO         4125    i.makePacket_16     modbusrtu_slave.o
    0x080086cc   0x080086cc   0x00000050   Code   RO         4449    i.mode_set_1        io_.o
    0x0800871c   0x0800871c   0x00000024   Code   RO         3834    i.my_connect_to_pc_485  functions.o
    0x08008740   0x08008740   0x00000078   Code   RO         3835    i.obnull            functions.o
    0x080087b8   0x080087b8   0x0000001c   Code   RO         5800    i.osDelay           cmsis_os2.o
    0x080087d4   0x080087d4   0x00000028   Code   RO         5814    i.osKernelInitialize  cmsis_os2.o
    0x080087fc   0x080087fc   0x00000038   Code   RO         5817    i.osKernelStart     cmsis_os2.o
    0x08008834   0x08008834   0x000000ba   Code   RO         5859    i.osThreadNew       cmsis_os2.o
    0x080088ee   0x080088ee   0x0000005c   Code   RO         3983    i.processButton     button_.o
    0x0800894a   0x0800894a   0x00000002   PAD
    0x0800894c   0x0800894c   0x00000060   Code   RO         5235    i.prvAddCurrentTaskToDelayedList  tasks.o
    0x080089ac   0x080089ac   0x00000088   Code   RO         5236    i.prvAddNewTaskToReadyList  tasks.o
    0x08008a34   0x08008a34   0x00000058   Code   RO         5611    i.prvCheckForValidListAndQueue  timers.o
    0x08008a8c   0x08008a8c   0x0000003c   Code   RO         5237    i.prvCheckTasksWaitingTermination  tasks.o
    0x08008ac8   0x08008ac8   0x00000028   Code   RO         4822    i.prvCopyDataFromQueue  queue.o
    0x08008af0   0x08008af0   0x0000006e   Code   RO         4823    i.prvCopyDataToQueue  queue.o
    0x08008b5e   0x08008b5e   0x00000040   Code   RO         5238    i.prvDeleteTCB      tasks.o
    0x08008b9e   0x08008b9e   0x00000002   PAD
    0x08008ba0   0x08008ba0   0x00000024   Code   RO         5612    i.prvGetNextExpireTime  timers.o
    0x08008bc4   0x08008bc4   0x0000004c   Code   RO         6323    i.prvHeapInit       heap_4.o
    0x08008c10   0x08008c10   0x00000028   Code   RO         5239    i.prvIdleTask       tasks.o
    0x08008c38   0x08008c38   0x00000022   Code   RO         4826    i.prvInitialiseNewQueue  queue.o
    0x08008c5a   0x08008c5a   0x000000a8   Code   RO         5240    i.prvInitialiseNewTask  tasks.o
    0x08008d02   0x08008d02   0x00000002   PAD
    0x08008d04   0x08008d04   0x00000058   Code   RO         5241    i.prvInitialiseTaskLists  tasks.o
    0x08008d5c   0x08008d5c   0x00000054   Code   RO         6324    i.prvInsertBlockIntoFreeList  heap_4.o
    0x08008db0   0x08008db0   0x00000040   Code   RO         5614    i.prvInsertTimerInActiveList  timers.o
    0x08008df0   0x08008df0   0x0000001a   Code   RO         4827    i.prvIsQueueEmpty   queue.o
    0x08008e0a   0x08008e0a   0x0000001e   Code   RO         4828    i.prvIsQueueFull    queue.o
    0x08008e28   0x08008e28   0x00000068   Code   RO         5615    i.prvProcessExpiredTimer  timers.o
    0x08008e90   0x08008e90   0x000000fc   Code   RO         5616    i.prvProcessReceivedCommands  timers.o
    0x08008f8c   0x08008f8c   0x0000006c   Code   RO         5617    i.prvProcessTimerOrBlockTask  timers.o
    0x08008ff8   0x08008ff8   0x00000024   Code   RO         5243    i.prvResetNextTaskUnblockTime  tasks.o
    0x0800901c   0x0800901c   0x0000002c   Code   RO         5618    i.prvSampleTimeNow  timers.o
    0x08009048   0x08009048   0x00000070   Code   RO         5619    i.prvSwitchTimerLists  timers.o
    0x080090b8   0x080090b8   0x00000014   Code   RO         5244    i.prvTaskCheckFreeStackSpace  tasks.o
    0x080090cc   0x080090cc   0x0000002c   Code   RO         6379    i.prvTaskExitError  port.o
    0x080090f8   0x080090f8   0x00000014   Code   RO         5620    i.prvTimerTask      timers.o
    0x0800910c   0x0800910c   0x0000006a   Code   RO         4829    i.prvUnlockQueue    queue.o
    0x08009176   0x08009176   0x00000002   PAD
    0x08009178   0x08009178   0x000000dc   Code   RO         6325    i.pvPortMalloc      heap_4.o
    0x08009254   0x08009254   0x0000001c   Code   RO         6380    i.pxPortInitialiseStack  port.o
    0x08009270   0x08009270   0x00000064   Code   RO         3836    i.reset             functions.o
    0x080092d4   0x080092d4   0x00000022   Code   RO         4027    i.reset_all_led     led_.o
    0x080092f6   0x080092f6   0x00000002   PAD
    0x080092f8   0x080092f8   0x0000008c   Code   RO         3782    i.reset_all_relays  relay_.o
    0x08009384   0x08009384   0x00000098   Code   RO         4582    i.reset_mod_pwm     pwm_l.o
    0x0800941c   0x0800941c   0x00000034   Code   RO         4126    i.sendMessage       modbusrtu_slave.o
    0x08009450   0x08009450   0x0000003c   Code   RO         3783    i.send_shift_register  relay_.o
    0x0800948c   0x0800948c   0x00000048   Code   RO         3929    i.send_transkon     uart_.o
    0x080094d4   0x080094d4   0x00000022   Code   RO         4028    i.set_all_led       led_.o
    0x080094f6   0x080094f6   0x00000002   PAD
    0x080094f8   0x080094f8   0x00000028   Code   RO         4029    i.set_led_state     led_.o
    0x08009520   0x08009520   0x000000a4   Code   RO         3784    i.set_relay_state   relay_.o
    0x080095c4   0x080095c4   0x0000003c   Code   RO         4340    i.setup_can         can_.o
    0x08009600   0x08009600   0x00000080   Code   RO         3837    i.status_KZ         functions.o
    0x08009680   0x08009680   0x00000154   Code   RO         4284    i.temp_test         temp_.o
    0x080097d4   0x080097d4   0x000000cc   Code   RO         3838    i.test              functions.o
    0x080098a0   0x080098a0   0x000000b8   Code   RO         4583    i.test_0_pwm        pwm_l.o
    0x08009958   0x08009958   0x000000b8   Code   RO         4584    i.test_1_pwm        pwm_l.o
    0x08009a10   0x08009a10   0x00000064   Code   RO         4239    i.test_485          rs485_.o
    0x08009a74   0x08009a74   0x00000184   Code   RO         4391    i.test_ai           ai_.o
    0x08009bf8   0x08009bf8   0x00000050   Code   RO         4341    i.test_can          can_.o
    0x08009c48   0x08009c48   0x00000058   Code   RO         4450    i.test_high_level_IO0  io_.o
    0x08009ca0   0x08009ca0   0x00000058   Code   RO         4451    i.test_high_level_IO1  io_.o
    0x08009cf8   0x08009cf8   0x00000058   Code   RO         4452    i.test_high_level_IO2  io_.o
    0x08009d50   0x08009d50   0x00000058   Code   RO         4453    i.test_high_level_IO3  io_.o
    0x08009da8   0x08009da8   0x00000058   Code   RO         4454    i.test_high_level_IO4  io_.o
    0x08009e00   0x08009e00   0x00000058   Code   RO         4455    i.test_high_level_IO5  io_.o
    0x08009e58   0x08009e58   0x00000058   Code   RO         4456    i.test_high_level_IO6  io_.o
    0x08009eb0   0x08009eb0   0x00000058   Code   RO         4457    i.test_high_level_IO7  io_.o
    0x08009f08   0x08009f08   0x000002a8   Code   RO         4458    i.test_io           io_.o
    0x0800a1b0   0x0800a1b0   0x00000178   Code   RO         4459    i.test_io_next      io_.o
    0x0800a328   0x0800a328   0x000000b8   Code   RO         4585    i.test_pwm          pwm_l.o
    0x0800a3e0   0x0800a3e0   0x000000e0   Code   RO         4586    i.test_pwm_generic  pwm_l.o
    0x0800a4c0   0x0800a4c0   0x000000bc   Code   RO         4285    i.test_temp         temp_.o
    0x0800a57c   0x0800a57c   0x0000001c   Code   RO         3785    i.toggle_relay_state  relay_.o
    0x0800a598   0x0800a598   0x00000036   Code   RO         4127    i.transmitDataMake  modbusrtu_slave.o
    0x0800a5ce   0x0800a5ce   0x00000002   PAD
    0x0800a5d0   0x0800a5d0   0x00000048   Code   RO         3839    i.update_status_test  functions.o
    0x0800a618   0x0800a618   0x00000026   Code   RO         4782    i.uxListRemove      list.o
    0x0800a63e   0x0800a63e   0x00000002   PAD
    0x0800a640   0x0800a640   0x00000014   Code   RO         5250    i.uxTaskGetStackHighWaterMark  tasks.o
    0x0800a654   0x0800a654   0x00000014   Code   RO         5871    i.vApplicationGetIdleTaskMemory  cmsis_os2.o
    0x0800a668   0x0800a668   0x00000018   Code   RO         5872    i.vApplicationGetTimerTaskMemory  cmsis_os2.o
    0x0800a680   0x0800a680   0x00000016   Code   RO         4783    i.vListInitialise   list.o
    0x0800a696   0x0800a696   0x00000006   Code   RO         4784    i.vListInitialiseItem  list.o
    0x0800a69c   0x0800a69c   0x00000030   Code   RO         4785    i.vListInsert       list.o
    0x0800a6cc   0x0800a6cc   0x00000018   Code   RO         4786    i.vListInsertEnd    list.o
    0x0800a6e4   0x0800a6e4   0x00000040   Code   RO         6382    i.vPortEnterCritical  port.o
    0x0800a724   0x0800a724   0x0000002c   Code   RO         6383    i.vPortExitCritical  port.o
    0x0800a750   0x0800a750   0x00000064   Code   RO         6326    i.vPortFree         heap_4.o
    0x0800a7b4   0x0800a7b4   0x00000024   Code   RO         6384    i.vPortSetupTimerInterrupt  port.o
    0x0800a7d8   0x0800a7d8   0x00000054   Code   RO         6385    i.vPortValidateInterruptPriority  port.o
    0x0800a82c   0x0800a82c   0x00000024   Code   RO         4835    i.vQueueAddToRegistry  queue.o
    0x0800a850   0x0800a850   0x00000046   Code   RO         4839    i.vQueueWaitForMessageRestricted  queue.o
    0x0800a896   0x0800a896   0x00000002   PAD
    0x0800a898   0x0800a898   0x00000050   Code   RO         5256    i.vTaskDelay        tasks.o
    0x0800a8e8   0x0800a8e8   0x00000010   Code   RO         5261    i.vTaskInternalSetTimeOutState  tasks.o
    0x0800a8f8   0x0800a8f8   0x0000000c   Code   RO         5262    i.vTaskMissedYield  tasks.o
    0x0800a904   0x0800a904   0x00000034   Code   RO         5264    i.vTaskPlaceOnEventList  tasks.o
    0x0800a938   0x0800a938   0x0000003c   Code   RO         5265    i.vTaskPlaceOnEventListRestricted  tasks.o
    0x0800a974   0x0800a974   0x00000090   Code   RO         5273    i.vTaskStartScheduler  tasks.o
    0x0800aa04   0x0800aa04   0x00000010   Code   RO         5275    i.vTaskSuspendAll   tasks.o
    0x0800aa14   0x0800aa14   0x00000068   Code   RO         5276    i.vTaskSwitchContext  tasks.o
    0x0800aa7c   0x0800aa7c   0x000000a8   Code   RO         6386    i.xPortStartScheduler  port.o
    0x0800ab24   0x0800ab24   0x0000002c   Code   RO         6387    i.xPortSysTickHandler  port.o
    0x0800ab50   0x0800ab50   0x0000006c   Code   RO         4845    i.xQueueGenericCreateStatic  queue.o
    0x0800abbc   0x0800abbc   0x0000008c   Code   RO         4846    i.xQueueGenericReset  queue.o
    0x0800ac48   0x0800ac48   0x00000164   Code   RO         4847    i.xQueueGenericSend  queue.o
    0x0800adac   0x0800adac   0x000000c0   Code   RO         4848    i.xQueueGenericSendFromISR  queue.o
    0x0800ae6c   0x0800ae6c   0x0000013c   Code   RO         4857    i.xQueueReceive     queue.o
    0x0800afa8   0x0800afa8   0x0000007c   Code   RO         5278    i.xTaskCheckForTimeOut  tasks.o
    0x0800b024   0x0800b024   0x00000064   Code   RO         5279    i.xTaskCreate       tasks.o
    0x0800b088   0x0800b088   0x0000005c   Code   RO         5280    i.xTaskCreateStatic  tasks.o
    0x0800b0e4   0x0800b0e4   0x0000001c   Code   RO         5284    i.xTaskGetSchedulerState  tasks.o
    0x0800b100   0x0800b100   0x0000000c   Code   RO         5285    i.xTaskGetTickCount  tasks.o
    0x0800b10c   0x0800b10c   0x000000cc   Code   RO         5287    i.xTaskIncrementTick  tasks.o
    0x0800b1d8   0x0800b1d8   0x0000007c   Code   RO         5290    i.xTaskPriorityDisinherit  tasks.o
    0x0800b254   0x0800b254   0x00000078   Code   RO         5292    i.xTaskRemoveFromEventList  tasks.o
    0x0800b2cc   0x0800b2cc   0x000000c8   Code   RO         5293    i.xTaskResumeAll    tasks.o
    0x0800b394   0x0800b394   0x00000068   Code   RO         5629    i.xTimerCreateTimerTask  timers.o
    0x0800b3fc   0x0800b3fc   0x0000006c   Code   RO         5630    i.xTimerGenericCommand  timers.o
    0x0800b468   0x0800b468   0x0000002c   Code   RO         6905    locale$$code        c_w.l(lc_numeric_c.o)
    0x0800b494   0x0800b494   0x0000002c   Code   RO         6994    locale$$code        c_w.l(lc_ctype_c.o)
    0x0800b4c0   0x0800b4c0   0x00000062   Code   RO         6582    x$fpl$d2f           fz_ws.l(d2f.o)
    0x0800b522   0x0800b522   0x00000002   PAD
    0x0800b524   0x0800b524   0x00000150   Code   RO         6584    x$fpl$dadd          fz_ws.l(daddsub_clz.o)
    0x0800b674   0x0800b674   0x00000010   Code   RO         7066    x$fpl$dcheck1       fz_ws.l(dcheck1.o)
    0x0800b684   0x0800b684   0x00000018   Code   RO         6756    x$fpl$dcmpinf       fz_ws.l(dcmpi.o)
    0x0800b69c   0x0800b69c   0x000002b0   Code   RO         6591    x$fpl$ddiv          fz_ws.l(ddiv.o)
    0x0800b94c   0x0800b94c   0x00000078   Code   RO         7008    x$fpl$deqf          fz_ws.l(deqf.o)
    0x0800b9c4   0x0800b9c4   0x0000005a   Code   RO         6594    x$fpl$dfixu         fz_ws.l(dfixu.o)
    0x0800ba1e   0x0800ba1e   0x00000026   Code   RO         6598    x$fpl$dfltu         fz_ws.l(dflt_clz.o)
    0x0800ba44   0x0800ba44   0x0000008a   Code   RO         6605    x$fpl$dfltull       fz_ws.l(dfltll_clz.o)
    0x0800bace   0x0800bace   0x00000002   PAD
    0x0800bad0   0x0800bad0   0x00000078   Code   RO         6608    x$fpl$dleqf         fz_ws.l(dleqf.o)
    0x0800bb48   0x0800bb48   0x00000154   Code   RO         6610    x$fpl$dmul          fz_ws.l(dmul.o)
    0x0800bc9c   0x0800bc9c   0x0000009c   Code   RO         6758    x$fpl$dnaninf       fz_ws.l(dnaninf.o)
    0x0800bd38   0x0800bd38   0x0000000c   Code   RO         6760    x$fpl$dretinf       fz_ws.l(dretinf.o)
    0x0800bd44   0x0800bd44   0x0000006c   Code   RO         6612    x$fpl$drleqf        fz_ws.l(drleqf.o)
    0x0800bdb0   0x0800bdb0   0x000001d4   Code   RO         6586    x$fpl$dsub          fz_ws.l(daddsub_clz.o)
    0x0800bf84   0x0800bf84   0x00000056   Code   RO         6614    x$fpl$f2d           fz_ws.l(f2d.o)
    0x0800bfda   0x0800bfda   0x00000002   PAD
    0x0800bfdc   0x0800bfdc   0x000000c4   Code   RO         6616    x$fpl$fadd          fz_ws.l(faddsub_clz.o)
    0x0800c0a0   0x0800c0a0   0x00000018   Code   RO         6762    x$fpl$fcmpinf       fz_ws.l(fcmpi.o)
    0x0800c0b8   0x0800c0b8   0x00000184   Code   RO         6623    x$fpl$fdiv          fz_ws.l(fdiv.o)
    0x0800c23c   0x0800c23c   0x0000003e   Code   RO         6626    x$fpl$ffixu         fz_ws.l(ffixu.o)
    0x0800c27a   0x0800c27a   0x00000002   PAD
    0x0800c27c   0x0800c27c   0x00000030   Code   RO         6631    x$fpl$fflt          fz_ws.l(fflt_clz.o)
    0x0800c2ac   0x0800c2ac   0x00000026   Code   RO         6630    x$fpl$ffltu         fz_ws.l(fflt_clz.o)
    0x0800c2d2   0x0800c2d2   0x00000002   PAD
    0x0800c2d4   0x0800c2d4   0x00000068   Code   RO         6636    x$fpl$fleqf         fz_ws.l(fleqf.o)
    0x0800c33c   0x0800c33c   0x00000102   Code   RO         6638    x$fpl$fmul          fz_ws.l(fmul.o)
    0x0800c43e   0x0800c43e   0x0000008c   Code   RO         6764    x$fpl$fnaninf       fz_ws.l(fnaninf.o)
    0x0800c4ca   0x0800c4ca   0x0000000a   Code   RO         6766    x$fpl$fretinf       fz_ws.l(fretinf.o)
    0x0800c4d4   0x0800c4d4   0x000000ea   Code   RO         6618    x$fpl$fsub          fz_ws.l(faddsub_clz.o)
    0x0800c5be   0x0800c5be   0x00000006   Code   RO         6955    x$fpl$ieeestatus    fz_ws.l(istatus.o)
    0x0800c5c4   0x0800c5c4   0x00000064   Code   RO         7083    x$fpl$retnan        fz_ws.l(retnan.o)
    0x0800c628   0x0800c628   0x0000005c   Code   RO         7037    x$fpl$scalbn        fz_ws.l(scalbn.o)
    0x0800c684   0x0800c684   0x00000004   Code   RO         6768    x$fpl$scanf1        fz_ws.l(scanf1.o)
    0x0800c688   0x0800c688   0x00000008   Code   RO         6957    x$fpl$scanf2        fz_ws.l(scanf2.o)
    0x0800c690   0x0800c690   0x00000030   Code   RO         7085    x$fpl$trapveneer    fz_ws.l(trapv.o)
    0x0800c6c0   0x0800c6c0   0x00000000   Code   RO         6770    x$fpl$usenofp       fz_ws.l(usenofp.o)
    0x0800c6c0   0x0800c6c0   0x00000090   Data   RO          304    .constdata          freertos.o
    0x0800c750   0x0800c750   0x00000012   Data   RO         2235    .constdata          stm32f1xx_hal_rcc.o
    0x0800c762   0x0800c762   0x00000010   Data   RO         3746    .constdata          system_stm32f1xx.o
    0x0800c772   0x0800c772   0x00000008   Data   RO         3747    .constdata          system_stm32f1xx.o
    0x0800c77a   0x0800c77a   0x00000004   Data   RO         4133    .constdata          modbusrtu_slave.o
    0x0800c77e   0x0800c77e   0x00000002   PAD
    0x0800c780   0x0800c780   0x00000040   Data   RO         4286    .constdata          temp_.o
    0x0800c7c0   0x0800c7c0   0x00000094   Data   RO         6867    .constdata          c_w.l(bigflt0.o)
    0x0800c854   0x0800c854   0x00000030   Data   RO          305    .conststring        freertos.o
    0x0800c884   0x0800c884   0x0000005f   Data   RO         4287    .conststring        temp_.o
    0x0800c8e3   0x0800c8e3   0x00000001   PAD
    0x0800c8e4   0x0800c8e4   0x00000020   Data   RO         7087    Region$$Table       anon$$obj.o
    0x0800c904   0x0800c904   0x00000008   Data   RO         6951    c$$dinf             fz_ws.l(fpconst.o)
    0x0800c90c   0x0800c90c   0x00000008   Data   RO         6954    c$$dmax             fz_ws.l(fpconst.o)
    0x0800c914   0x0800c914   0x0000001c   Data   RO         6904    locale$$data        c_w.l(lc_numeric_c.o)
    0x0800c930   0x0800c930   0x00000110   Data   RO         6993    locale$$data        c_w.l(lc_ctype_c.o)


    Execution Region RW_IRAM1 (Exec base: 0x20000000, Load base: 0x0800ca40, Size: 0x00002ee8, Max: 0x0000c000, ABSOLUTE, COMPRESSED[0x000000b4])

    Exec Addr    Load Addr    Size         Type   Attr      Idx    E Section Name        Object

    0x20000000   COMPRESSED   0x00000002   Data   RW           17    .data               main.o
    0x20000002   COMPRESSED   0x00000002   PAD
    0x20000004   COMPRESSED   0x0000001c   Data   RW          306    .data               freertos.o
    0x20000020   COMPRESSED   0x0000000c   Data   RW         2071    .data               stm32f1xx_hal.o
    0x2000002c   COMPRESSED   0x00000004   Data   RW         3748    .data               system_stm32f1xx.o
    0x20000030   COMPRESSED   0x00000118   Data   RW         3786    .data               relay_.o
    0x20000148   COMPRESSED   0x00000028   Data   RW         3840    .data               functions.o
    0x20000170   COMPRESSED   0x00000004   Data   RW         3931    .data               uart_.o
    0x20000174   COMPRESSED   0x0000000c   Data   RW         3984    .data               button_.o
    0x20000180   COMPRESSED   0x00000024   Data   RW         4030    .data               led_.o
    0x200001a4   COMPRESSED   0x00000016   Data   RW         4092    .data               individual_diagnostic.o
    0x200001ba   COMPRESSED   0x00000002   PAD
    0x200001bc   COMPRESSED   0x0000000c   Data   RW         4134    .data               modbusrtu_slave.o
    0x200001c8   COMPRESSED   0x00000023   Data   RW         4288    .data               temp_.o
    0x200001eb   COMPRESSED   0x00000001   PAD
    0x200001ec   COMPRESSED   0x0000001c   Data   RW         4392    .data               ai_.o
    0x20000208   COMPRESSED   0x00000010   Data   RW         4460    .data               io_.o
    0x20000218   COMPRESSED   0x00000001   Data   RW         4587    .data               pwm_l.o
    0x20000219   COMPRESSED   0x00000003   PAD
    0x2000021c   COMPRESSED   0x0000003c   Data   RW         5296    .data               tasks.o
    0x20000258   COMPRESSED   0x00000014   Data   RW         5638    .data               timers.o
    0x2000026c   COMPRESSED   0x00000004   Data   RW         5874    .data               cmsis_os2.o
    0x20000270   COMPRESSED   0x00000020   Data   RW         6332    .data               heap_4.o
    0x20000290   COMPRESSED   0x0000000c   Data   RW         6388    .data               port.o
    0x2000029c        -       0x00000028   Zero   RW          371    .bss                can.o
    0x200002c4        -       0x00000058   Zero   RW          452    .bss                spi.o
    0x2000031c        -       0x000000d8   Zero   RW          499    .bss                tim.o
    0x200003f4        -       0x000001a0   Zero   RW          567    .bss                usart.o
    0x20000594        -       0x00000048   Zero   RW          756    .bss                stm32f1xx_hal_timebase_tim.o
    0x200005dc        -       0x00000221   Zero   RW         3930    .bss                uart_.o
    0x200007fd   COMPRESSED   0x00000001   PAD
    0x200007fe        -       0x0000034e   Zero   RW         4130    .bss                modbusrtu_slave.o
    0x20000b4c        -       0x00000040   Zero   RW         4861    .bss                queue.o
    0x20000b8c        -       0x000004c4   Zero   RW         5295    .bss                tasks.o
    0x20001050        -       0x00000118   Zero   RW         5637    .bss                timers.o
    0x20001168        -       0x000006b8   Zero   RW         5873    .bss                cmsis_os2.o
    0x20001820        -       0x00001068   Zero   RW         6331    .bss                heap_4.o
    0x20002888        -       0x00000060   Zero   RW         6774    .bss                c_w.l(libspace.o)
    0x200028e8        -       0x00000200   Zero   RW            2    HEAP                startup_stm32f103xe.o
    0x20002ae8        -       0x00000400   Zero   RW            1    STACK               startup_stm32f103xe.o


==============================================================================

Image component sizes


      Code (inc. data)   RO Data    RW Data    ZI Data      Debug   Object Name

      1384        176          0         28          0       5735   ai_.o
       200         24          0         12          0       2218   button_.o
       340         34          0          0         40       3027   can.o
       300         78          0          0          0       2497   can_.o
       380         24          0          4       1720      58735   cmsis_os2.o
        92          4          0          0          0        814   dma.o
         0          0          0          0          0      19700   event_groups.o
       212         44        192         28          0       3757   freertos.o
      1448        148          0         40          0      10030   functions.o
       244         16          0          0          0       3316   gpio.o
       480         28          0         32       4200       4987   heap_4.o
      1534        178          0         22          0       2491   individual_diagnostic.o
      5184        786          0         16          0      16308   io_.o
       284         46          0         36          0       4338   led_.o
       138          0          0          0          0       3518   list.o
       456         94          0          2          0     517921   main.o
       796         54          4         12        846       8820   modbusrtu_slave.o
       662         70          0         12          0      11025   port.o
      1920        422          0          1          0       6340   pwm_l.o
      1564         20          0          0         64      17616   queue.o
       392         40          0        280          0       3963   relay_.o
       196         48          0          0          0       1091   rs485_.o
       164         22          0          0         88       1705   spi.o
        64         26        304          0       1536        824   startup_stm32f103xe.o
       100         18          0         12          0       5978   stm32f1xx_hal.o
      1512          0          0          0          0      12180   stm32f1xx_hal_can.o
       158         14          0          0          0      28354   stm32f1xx_hal_cortex.o
      1370         52          0          0          0       6117   stm32f1xx_hal_dma.o
       576         40          0          0          0       4184   stm32f1xx_hal_gpio.o
        68         10          0          0          0        926   stm32f1xx_hal_msp.o
      1496        100         18          0          0       7429   stm32f1xx_hal_rcc.o
       838          4          0          0          0       4434   stm32f1xx_hal_spi.o
      2094        108          0          0          0      17747   stm32f1xx_hal_tim.o
       426         42          0          0          0       4932   stm32f1xx_hal_tim_ex.o
       140         22          0          0         72       1511   stm32f1xx_hal_timebase_tim.o
      2110         38          0          0          0      16344   stm32f1xx_hal_uart.o
       132         60          0          0          0       7309   stm32f1xx_it.o
         0          0          0          0          0        392   stream_buffer.o
         2          0         24          4          0       1167   system_stm32f1xx.o
      2216        192          0         60       1220      29048   tasks.o
      1144        194        159         35          0       5029   temp_.o
       656         68          0          0        216       4468   tim.o
      1040         88          0         20        280      33303   timers.o
       464         70          0          4        545       3498   uart_.o
       516         42          0          0        416       2787   usart.o

    ----------------------------------------------------------------------
     35550       3544        736        668      11244     907913   Object Totals
         0          0         32          0          0          0   (incl. Generated)
        58          0          3          8          1          0   (incl. Padding)

    ----------------------------------------------------------------------

      Code (inc. data)   RO Data    RW Data    ZI Data      Debug   Library Member Name

        60          8          0          0          0         84   __0sscanf.o
        90          0          0          0          0          0   __dczerorl2.o
         8          0          0          0          0         68   __main.o
       104          0          0          0          0         84   __printf.o
        14          0          0          0          0         68   __printf_wp.o
         0          0          0          0          0          0   __rtentry.o
        12          0          0          0          0          0   __rtentry2.o
         6          0          0          0          0          0   __rtentry4.o
        52          8          0          0          0          0   __scatter.o
        28          0          0          0          0          0   __scatter_zi.o
        28          0          0          0          0         68   _chval.o
        60          0          0          0          0         92   _mbrtowc.o
        48          6          0          0          0         96   _printf_char_common.o
         6          0          0          0          0          0   _printf_d.o
       120         16          0          0          0         92   _printf_dec.o
       178          0          0          0          0         88   _printf_intcommon.o
         0          0          0          0          0          0   _printf_percent.o
         4          0          0          0          0          0   _printf_percent_end.o
        22          0          0          0          0        100   _rserrno.o
       884          4          0          0          0        100   _scanf.o
       332          0          0          0          0         96   _scanf_int.o
       342          0          0          0          0        100   _scanf_longlong.o
       276          0          0          0          0        100   _scanf_mbtowc.o
       224          0          0          0          0         96   _scanf_str.o
        30          0          0          0          0         76   _scanf_wcharmap.o
       232          0          0          0          0        100   _scanf_wctomb.o
       208          0          0          0          0         96   _scanf_wstr.o
        64          0          0          0          0         84   _sgetc.o
        16          0          0          0          0         68   _snputc.o
        10          0          0          0          0         68   _sputc.o
        64          0          0          0          0         92   _wcrtomb.o
        16          0          0          0          0         68   aeabi_memset.o
       228          4        148          0          0         96   bigflt0.o
      1924        136          0          0          0        756   btod.o
        10          0          0          0          0         68   defsig_exit.o
        50          0          0          0          0         88   defsig_general.o
        80         58          0          0          0         76   defsig_rtmem_inner.o
        14          0          0          0          0         80   defsig_rtmem_outer.o
        18          0          0          0          0         80   exit.o
        94          0          0          0          0         80   h1_alloc.o
        52          0          0          0          0         68   h1_extend.o
        78          0          0          0          0         80   h1_free.o
        14          0          0          0          0         84   h1_init.o
         6          0          0          0          0        152   heapauxi.o
         4          0          0          0          0        136   hguard.o
         0          0          0          0          0          0   indicate_semi.o
       138          0          0          0          0        168   init_alloc.o
        18          0          0          0          0         76   isspace.o
        44         10        272          0          0         76   lc_ctype_c.o
        44         10         28          0          0         76   lc_numeric_c.o
         2          0          0          0          0          0   libinit.o
        38          0          0          0          0          0   libinit2.o
         2          0          0          0          0          0   libshutdown.o
         2          0          0          0          0          0   libshutdown2.o
         8          4          0          0         96         68   libspace.o
        38          0          0          0          0         68   llshl.o
       238          0          0          0          0        100   lludivv7m.o
         0          0          0          0          0          0   maybetermalloc1.o
        52          4          0          0          0         84   noretval__2snprintf.o
        16          4          0          0          0         76   rt_ctype_table.o
         8          4          0          0          0         68   rt_errno_addr_intlibspace.o
         8          4          0          0          0         68   rt_heap_descriptor_intlibspace.o
         8          4          0          0          0         68   rt_locale_intlibspace.o
        68          0          0          0          0         68   rt_memclr.o
        78          0          0          0          0         80   rt_memclr_w.o
       138          0          0          0          0         68   rt_memcpy_v6.o
       100          0          0          0          0         80   rt_memcpy_w.o
         2          0          0          0          0          0   rtexit.o
        10          0          0          0          0          0   rtexit2.o
        44          8          0          0          0         84   scanf_char.o
      1272         16          0          0          0        168   scanf_fp.o
       800         14          0          0          0        100   scanf_hexfp.o
       308         16          0          0          0        100   scanf_infnan.o
        60          8          0          0          0         84   sscanf.o
       128          0          0          0          0         68   strcmpv7m.o
        62          0          0          0          0         76   strlen.o
        12          4          0          0          0         68   sys_exit.o
        74          0          0          0          0         80   sys_stackheap_outer.o
        14          0          0          0          0         76   sys_wrch.o
         2          0          0          0          0         68   use_no_semi.o
        98          4          0          0          0         92   d2f.o
       804         16          0          0          0        272   daddsub_clz.o
        16          4          0          0          0         68   dcheck1.o
        24          0          0          0          0         68   dcmpi.o
       688        140          0          0          0        208   ddiv.o
       120          4          0          0          0         92   deqf.o
        90          4          0          0          0         92   dfixu.o
        38          0          0          0          0         68   dflt_clz.o
       138          0          0          0          0         84   dfltll_clz.o
       120          4          0          0          0         92   dleqf.o
       340         12          0          0          0        104   dmul.o
       156          4          0          0          0         92   dnaninf.o
        12          0          0          0          0         68   dretinf.o
       108          0          0          0          0         80   drleqf.o
        86          4          0          0          0         84   f2d.o
       430          8          0          0          0        168   faddsub_clz.o
        24          0          0          0          0         68   fcmpi.o
       388         76          0          0          0         96   fdiv.o
        62          4          0          0          0         84   ffixu.o
        86          0          0          0          0        136   fflt_clz.o
       104          4          0          0          0         84   fleqf.o
       258          4          0          0          0         84   fmul.o
       140          4          0          0          0         84   fnaninf.o
         0          0         16          0          0          0   fpconst.o
        10          0          0          0          0         68   fretinf.o
         6          0          0          0          0         68   istatus.o
       100          0          0          0          0         68   retnan.o
        92          0          0          0          0         68   scalbn.o
         4          0          0          0          0         68   scanf1.o
         8          0          0          0          0         84   scanf2.o
        48          0          0          0          0         68   trapv.o
         0          0          0          0          0          0   usenofp.o
        30          6          0          0          0        136   dunder.o
        88          8          0          0          0         76   frexp.o
       138          0          0          0          0        160   ldexp.o
       204          4          0          0          0        168   narrow.o

    ----------------------------------------------------------------------
     15026        664        464          0         96       9492   Library Totals
        22          0          0          0          0          0   (incl. Padding)

    ----------------------------------------------------------------------

      Code (inc. data)   RO Data    RW Data    ZI Data      Debug   Library Name

      9946        350        448          0         96       6092   c_w.l
      4598        296         16          0          0       2860   fz_ws.l
       460         18          0          0          0        540   m_ws.l

    ----------------------------------------------------------------------
     15026        664        464          0         96       9492   Library Totals

    ----------------------------------------------------------------------

==============================================================================


      Code (inc. data)   RO Data    RW Data    ZI Data      Debug   

     50576       4208       1200        668      11340     896549   Grand Totals
     50576       4208       1200        180      11340     896549   ELF Image Totals (compressed)
     50576       4208       1200        180          0          0   ROM Totals

==============================================================================

    Total RO  Size (Code + RO Data)                51776 (  50.56kB)
    Total RW  Size (RW Data + ZI Data)             12008 (  11.73kB)
    Total ROM Size (Code + RO Data + RW Data)      51956 (  50.74kB)

==============================================================================

