<html>
<body>
<pre>
<h1>µVision Build Log</h1>
<h2>Tool Versions:</h2>
IDE-Version: µVision V5.36.0.0
Copyright (C) 2021 ARM Ltd and ARM Germany GmbH. All rights reserved.
License Information: hkds qqwww, sdf ds, LIC=IC93N-YTMEA-BX7UY-I53FN-VCYLF-SSJIA
 
Tool Versions:
Toolchain:       MDK-ARM Professional  Version: 5.36.0.0
Toolchain Path:  C:\Keil_v5\ARM\ARMCC\Bin
C Compiler:      Armcc.exe V5.06 update 7 (build 960)
Assembler:       Armasm.exe V5.06 update 7 (build 960)
Linker/Locator:  ArmLink.exe V5.06 update 7 (build 960)
Library Manager: ArmAr.exe V5.06 update 7 (build 960)
Hex Converter:   FromElf.exe V5.06 update 7 (build 960)
CPU DLL:         SARMCM3.DLL V5.36.0.0
Dialog DLL:      DCM.DLL V1.17.3.0
Target DLL:      Segger\JL2CM3.dll V2.99.40.0
Dialog DLL:      TCM.DLL V1.53.0.0
 
<h2>Project:</h2>
C:\Users\qqwww\Desktop\WORK3\ïðîåêò_4\Transkon_stend_save_17_03\MDK-ARM\transkon_stend.uvprojx
Project File Date:  02/27/2025

<h2>Output:</h2>
*** Using Compiler 'V5.06 update 7 (build 960)', folder: 'C:\Keil_v5\ARM\ARMCC\Bin'
Rebuild target 'transkon_stend'
assembling startup_stm32f103xe.s...
compiling spi.c...
compiling dma.c...
compiling tim.c...
compiling gpio.c...
compiling main.c...
compiling freertos.c...
compiling can.c...
compiling stm32f1xx_it.c...
compiling stm32f1xx_hal_timebase_tim.c...
compiling stm32f1xx_hal_gpio_ex.c...
compiling stm32f1xx_hal_msp.c...
compiling usart.c...
compiling stm32f1xx_hal_tim_ex.c...
compiling stm32f1xx_hal_gpio.c...
compiling stm32f1xx_hal_can.c...
compiling stm32f1xx_hal.c...
compiling stm32f1xx_hal_tim.c...
compiling stm32f1xx_hal_rcc_ex.c...
compiling stm32f1xx_hal_rcc.c...
compiling stm32f1xx_hal_cortex.c...
compiling stm32f1xx_hal_dma.c...
compiling stm32f1xx_hal_pwr.c...
compiling stm32f1xx_hal_flash_ex.c...
compiling stm32f1xx_hal_flash.c...
compiling stm32f1xx_hal_exti.c...
compiling system_stm32f1xx.c...
compiling stm32f1xx_hal_spi.c...
compiling stm32f1xx_hal_uart.c...
compiling relay_.c...
compiling button_.c...
compiling uart_.c...
compiling functions.c...
compiling led_.c...
compiling can_.c...
..\Test\can_.c(7): warning:  #177-D: variable "wdcan"  was declared but never referenced
  	uint32_t wdcan = 0;
..\Test\can_.c: 1 warning, 0 errors
compiling individual_diagnostic.c...
compiling ModbusRTU_Slave.c...
compiling croutine.c...
compiling rs485_.c...
compiling list.c...
compiling event_groups.c...
compiling temp_.c...
compiling stream_buffer.c...
compiling queue.c...
compiling timers.c...
compiling ai_.c...
compiling tasks.c...
compiling heap_4.c...
compiling port.c...
compiling pwm_l.c...
compiling io_.c...
compiling cmsis_os2.c...
linking...
Program Size: Code=50576 RO-data=1200 RW-data=668 ZI-data=11340  
FromELF: creating hex file...
"transkon_stend\transkon_stend.axf" - 0 Error(s), 1 Warning(s).

<h2>Software Packages used:</h2>

Package Vendor: ARM
                http://www.keil.com/pack/ARM.CMSIS.5.8.0.pack
                ARM.CMSIS.5.8.0
                CMSIS (Common Microcontroller Software Interface Standard)
   * Component: CORE Version: 5.5.0

Package Vendor: Keil
                https://www.keil.com/pack/Keil.STM32F1xx_DFP.2.4.1.pack
                Keil.STM32F1xx_DFP.2.4.1
                STMicroelectronics STM32F1 Series Device Support, Drivers and Examples

<h2>Collection of Component include folders:</h2>
  .\RTE\_transkon_stend
  C:\Users\qqwww\AppData\Local\Arm\Packs\ARM\CMSIS\5.8.0\CMSIS\Core\Include
  C:\Users\qqwww\AppData\Local\Arm\Packs\Keil\STM32F1xx_DFP\2.4.1\Device\Include

<h2>Collection of Component Files used:</h2>

   * Component: ARM::CMSIS:CORE:5.5.0
      Include file:  CMSIS\Core\Include\tz_context.h
Build Time Elapsed:  00:00:37
</pre>
</body>
</html>
